D:\31166\Developing\COGS\2DSimDlg.cpp|D:\31166\Developing\COGS\Restore.1\~2DSimDlg.~cpp
D:\31166\Developing\COGS\2DInterfaceData.h|D:\31166\Developing\COGS\Restore.1\~2DInterfaceData.~h
D:\31166\Developing\COGS\DlgSelectAlgorithm.cpp|D:\31166\Developing\COGS\Restore.1\~DlgSelectAlgorithm.~cpp
D:\31166\Developing\COGS\HideUnhide.h|D:\31166\Developing\COGS\Restore.1\~HideUnhide.~h
D:\31166\Developing\COGS\2DSimDlg.h|D:\31166\Developing\COGS\Restore.1\~2DSimDlg.~h
D:\31166\Developing\COGS\2DSIM_DEFS.H|D:\31166\Developing\COGS\Restore.1\~2DSIM_DEFS.~H
D:\31166\Developing\COGS\JumpToTime.cpp|D:\31166\Developing\COGS\Restore.1\~JumpToTime.~cpp
D:\31166\Developing\COGS\2DSim.cpp|D:\31166\Developing\COGS\Restore.1\~2DSim.~cpp
D:\31166\Developing\COGS\2DFileIO.h|D:\31166\Developing\COGS\Restore.1\~2DFileIO.~h
D:\31166\Developing\COGS\DlgSetFloor.cpp|D:\31166\Developing\COGS\Restore.1\~DlgSetFloor.~cpp
D:\31166\Developing\COGS\msflexgrid.h|D:\31166\Developing\COGS\Restore.1\~msflexgrid.~h
D:\31166\Developing\COGS\UserConfiguration.h|D:\31166\Developing\COGS\Restore.1\~UserConfiguration.~h
D:\31166\Developing\COGS\UserConfiguration.cpp|D:\31166\Developing\COGS\Restore.1\~UserConfiguration.~cpp
D:\31166\Developing\COGS\DlgSetFloor.h|D:\31166\Developing\COGS\Restore.1\~DlgSetFloor.~h
D:\31166\Developing\COGS\2DFileIO.cpp|D:\31166\Developing\COGS\Restore.1\~2DFileIO.~cpp
D:\31166\Developing\COGS\DlgSelectAlgorithm.h|D:\31166\Developing\COGS\Restore.1\~DlgSelectAlgorithm.~h
D:\31166\Developing\COGS\JumpToTime.h|D:\31166\Developing\COGS\Restore.1\~JumpToTime.~h
D:\31166\Developing\COGS\msflexgrid.cpp|D:\31166\Developing\COGS\Restore.1\~msflexgrid.~cpp
D:\31166\Developing\COGS\ShowLoadDlg.cpp|D:\31166\Developing\COGS\Restore.1\~ShowLoadDlg.~cpp
D:\31166\Developing\COGS\2DSim.h|D:\31166\Developing\COGS\Restore.1\~2DSim.~h
D:\31166\Developing\COGS\ShowLoadDlg.h|D:\31166\Developing\COGS\Restore.1\~ShowLoadDlg.~h
D:\31166\Developing\COGS\HideUnhide.cpp|D:\31166\Developing\COGS\Restore.1\~HideUnhide.~cpp
