 HExec

 Timestamp is 4378ce8b (Tue Nov 15 02:51:07 2005)

 Preferred load address is 10000000

 Start         Length     Name                   Class
 0001:00000000 0002f43aH .text                   CODE
 0001:0002f440 0000001aH .text$x                 CODE
 0002:00000000 00002339H .rdata                  DATA
 0002:00002340 00000044H .rdata$r                DATA
 0002:00002388 00000110H .xdata$x                DATA
 0002:000024a0 00000214H .edata                  DATA
 0003:00000000 00000004H .CRT$XCA                DATA
 0003:00000004 00000010H .CRT$XCU                DATA
 0003:00000014 00000004H .CRT$XCZ                DATA
 0003:00000018 00000004H .CRT$XIA                DATA
 0003:0000001c 0000000cH .CRT$XIC                DATA
 0003:00000028 00000004H .CRT$XIY                DATA
 0003:0000002c 00000004H .CRT$XIZ                DATA
 0003:00000030 00000004H .CRT$XPA                DATA
 0003:00000034 00000004H .CRT$XPX                DATA
 0003:00000038 00000004H .CRT$XPZ                DATA
 0003:0000003c 00000004H .CRT$XTA                DATA
 0003:00000040 00000004H .CRT$XTB                DATA
 0003:00000044 00000004H .CRT$XTZ                DATA
 0003:00000050 00001b30H .data                   DATA
 0003:00001b80 0008d7e8H .bss                    DATA
 0004:00000000 00000028H .idata$2                DATA
 0004:00000028 00000014H .idata$3                DATA
 0004:0000003c 0000014cH .idata$4                DATA
 0004:00000188 0000014cH .idata$5                DATA
 0004:000002d4 000005c4H .idata$6                DATA

  Address         Publics by Value              Rva+Base     Lib:Object

 0001:00000000       ??0CCar@@QAE@XZ            10001000 f   Car.obj
 0001:00000050       ??_ECCar@@UAEPAXI@Z        10001050 f i Car.obj
 0001:00000050       ??_GCCar@@UAEPAXI@Z        10001050 f i Car.obj
 0001:000000b0       ??1CCar@@UAE@XZ            100010b0 f   Car.obj
 0001:000000e0       ?isEnd@CCar@@QAE_NH@Z      100010e0 f   Car.obj
 0001:00000130       ?UpdateSqc@CCar@@QAEXVStopSequence@@@Z 10001130 f   Car.obj
 0001:000001b0       ?GetNextTarget@CCar@@QAEHH@Z 100011b0 f   Car.obj
 0001:00000200       ?GetStopType@CCar@@QAEHH@Z 10001200 f   Car.obj
 0001:00000240       ?isConditionAlive@CCar@@QAE_NH@Z 10001240 f   Car.obj
 0001:000002a0       ?GetDelay@CCar@@QAENXZ     100012a0 f   Car.obj
 0001:00000610       ?GetStartTime@CCar@@QAENH@Z 10001610 f   Car.obj
 0001:00000800       ?GetRunTime@CCar@@QAEJHH@Z 10001800 f   Car.obj
 0001:00000ac0       ?GetDirExec@CCar@@QAEHHH@Z 10001ac0 f   Car.obj
 0001:00000b20       ?CRS_EntryAction@CCar@@QAEXHJ@Z 10001b20 f   Car.obj
 0001:00000b60       ?UpdateState@CCar@@QAEXJPAUCarState@@_N@Z 10001b60 f   Car.obj
 0001:000014e0       ?GetTSADelay@CCar@@QAEHHHHHH@Z 100024e0 f   Car.obj
 0001:00001640       ?SendTarget@CCar@@QAEXXZ   10002640 f   Car.obj
 0001:00001f90       ?isArrivalTimeValid@CCar@@QAE_NH@Z 10002f90 f   Car.obj
 0001:000021a0       ?CallProcessing@CCar@@QAEXXZ 100031a0 f   Car.obj
 0001:00002580       ?Init@CCar@@QAEXXZ         10003580 f   Car.obj
 0001:00002720       ?DoorDwellTime@CCar@@QAEJHHHH@Z 10003720 f   Car.obj
 0001:00002840       ?CCS_EntryAction@CCar@@QAEXXZ 10003840 f   Car.obj
 0001:00002950       ?isCHOLDCondition@CCar@@QAE_NH@Z 10003950 f   Car.obj
 0001:000029a0       ?isCDELAYCondition@CCar@@QAE_NH@Z 100039a0 f   Car.obj
 0001:000029d0       ?isValidTarget@CCar@@QAE_NH@Z 100039d0 f   Car.obj
 0001:00002a50       ?FloorToPos@CCar@@QAENH@Z  10003a50 f   Car.obj
 0001:00002aa0       ?SetTSACase@CCar@@QAEXHHN@Z 10003aa0 f   Car.obj
 0001:00002b00       ?GetMotionValue@CCar@@QAEHNH@Z 10003b00 f   Car.obj
 0001:00002b50       ?GetCommittableTime@CCar@@QAEHHH@Z 10003b50 f   Car.obj
 0001:00002ba0       ?GetNCP_T3@CCar@@QAEHHH@Z  10003ba0 f   Car.obj
 0001:00002bf0       ??0CMotion@@QAE@XZ         10003bf0 f   CMotion.obj
 0001:00002c80       ?FloorToPos@CMotion@@QAENH@Z 10003c80 f   CMotion.obj
 0001:00002cb0       ?GenerateFullProfile@CMotion@@QAEXN@Z 10003cb0 f   CMotion.obj
 0001:00002f10       ?MakeBreakPointTableA@CMotion@@QAEXNNNN@Z 10003f10 f   CMotion.obj
 0001:000034f0       ?MakeBreakPointTableB@CMotion@@QAEXNNNN@Z 100044f0 f   CMotion.obj
 0001:00003b10       ?MakeBreakPointTableC@CMotion@@QAEXNNNN@Z 10004b10 f   CMotion.obj
 0001:00003f50       ?SetMotionParam@CMotion@@QAEXHNNNNNN@Z 10004f50 f   CMotion.obj
 0001:00004000       ?SetPos@CMotion@@QAEXHN@Z  10005000 f   CMotion.obj
 0001:00004040       ?SetOriginTarget@CMotion@@QAEXHH@Z 10005040 f   CMotion.obj
 0001:00004110       ?GetMotionValue@CMotion@@QAENNH@Z 10005110 f   CMotion.obj
 0001:00004230       ?ComputeMotionState@CMotion@@QAE_NNPAN000@Z 10005230 f   CMotion.obj
 0001:00004450       ?GetBreakPointTableIndex@CMotion@@QAEHN@Z 10005450 f   CMotion.obj
 0001:00004590       ?GetNextCommittableFloor@CMotion@@QAEHNPAHH@Z 10005590 f   CMotion.obj
 0001:00006870       ?GetESPPos@CMotion@@QAEHNPAHH@Z 10007870 f   CMotion.obj
 0001:00006a90       ?GetNextCommittablePos@CMotion@@QAEHNPAHH@Z 10007a90 f   CMotion.obj
 0001:00007050       ?NextCommittableFloor@CMotion@@QAEHPAHH@Z 10008050 f   CMotion.obj
 0001:00007080       ?GenerateProfile@CMotion@@QAEXPAUBREAK_TABLE@@@Z 10008080 f   CMotion.obj
 0001:00007200       ?HardRunTime@CMotion@@QAENHH@Z 10008200 f   CMotion.obj
 0001:00007230       ?GetRunTime@CMotion@@QAENHH@Z 10008230 f   CMotion.obj
 0001:00007500       ?CommittablePosToNCF@CMotion@@QAEHN@Z 10008500 f   CMotion.obj
 0001:00007630       ?HardCommitTime@CMotion@@QAENHH@Z 10008630 f   CMotion.obj
 0001:00007660       ?GetNCP_T3@CMotion@@QAENHH@Z 10008660 f   CMotion.obj
 0001:00007770       ?GetCommittableTime@CMotion@@QAENHH@Z 10008770 f   CMotion.obj
 0001:00007a30       ?ESPNSPDelay@@YANNNNNNNNN@Z 10008a30 f   ESP-NSP.obj
 0001:00008ad0       ?CalculateESPTable@@YAXNNNNNPAUTrajectoryTableEntry@@@Z 10009ad0 f   ESP-NSP.obj
 0001:0000a410       ?CalculateNSPTable@@YAXNNNNNPAUTrajectoryTableEntry@@@Z 1000b410 f   ESP-NSP.obj
 0001:0000b000       ?QuadraticEquationSolver@@YAHNNNQAN@Z 1000c000 f   ESP-NSP.obj
 0001:0000b180       ?CubicEquationSolver@@YAHNNNNQAN@Z 1000c180 f   ESP-NSP.obj
 0001:0000b5c0       ?QuarticEquationSolver@@YAHNNNNNQAN@Z 1000c5c0 f   ESP-NSP.obj
 0001:0000bcf0       ??0HoistwayPlan@@QAE@XZ    1000ccf0 f i HExec.obj
 0001:0000bd40       ??_H@YGXPAXIHP6EX0@Z@Z     1000cd40 f i HExec.obj
 0001:0000be10       _DllMain@12                1000ce10 f   HExec.obj
 0001:0000be40       ?InitializeAssignedCallsDB@@YAXXZ 1000ce40 f   HExec.obj
 0001:0000bf90       ?MakeUpSeparationFloorTable@@YAXK@Z 1000cf90 f   HExec.obj
 0001:0000c290       ?LinkHP@@YA_NXZ            1000d290 f   HExec.obj
 0001:0000c360       ?LinkDispatcher@@YA_NPAD@Z 1000d360 f   HExec.obj
 0001:0000c490       ?LinkCOGS@@YAXXZ           1000d490 f   HExec.obj
 0001:0000c580       ?SpyCar@@YAXEHHH@Z         1000d580 f   HExec.obj
 0001:0000cb80       ?SpyPlan@@YAXE@Z           1000db80 f   HExec.obj
 0001:0000d020       _SetPos                    1000e020 f   HExec.obj
 0001:0000d070       _SetTSACase                1000e070 f   HExec.obj
 0001:0000d0c0       _MotionCmd                 1000e0c0 f   HExec.obj
 0001:0000d150       _GetCommittableTime        1000e150 f   HExec.obj
 0001:0000d1a0       _GetNCP_T3                 1000e1a0 f   HExec.obj
 0001:0000d1f0       _GetMotionValue            1000e1f0 f   HExec.obj
 0001:0000d240       _HPEInitialize             1000e240 f   HExec.obj
 0001:0000d460       _ConvertHallCalls          1000e460 f   HExec.obj
 0001:0000d790       ?GetDir@@YAHHH@Z           1000e790 f i HExec.obj
 0001:0000d7f0       _DeleteExpectedCarCalls    1000e7f0 f   HExec.obj
 0001:0000d9a0       _RemoveCarCalls            1000e9a0 f   HExec.obj
 0001:0000db90       _AcceptCarCalls            1000eb90 f   HExec.obj
 0001:0000de90       _GetCalls                  1000ee90 f   HExec.obj
 0001:0000dee0       _PutHallCall               1000eee0 f   HExec.obj
 0001:0000e1b0       _PutPlan                   1000f1b0 f   HExec.obj
 0001:0000e290       _GetPlan                   1000f290 f   HExec.obj
 0001:0000e370       _PutCarState               1000f370 f   HExec.obj
 0001:0000e3c0       _GetCarState               1000f3c0 f   HExec.obj
 0001:0000e410       _ErrorLog                  1000f410 f   HExec.obj
 0001:0000e480       _CheckValidPlan            1000f480 f   HExec.obj
 0001:0000e5b0       _ExecutePlan               1000f5b0 f   HExec.obj
 0001:0000e9a0       _MonitorCarState           1000f9a0 f   HExec.obj
 0001:0000ea20       _UpdateCarState            1000fa20 f   HExec.obj
 0001:0000ea50       _GetTSADelay               1000fa50 f   HExec.obj
 0001:0000eaa0       ?copy@Stop@@QAEXAAV1@@Z    1000faa0 f   hoistway_plan.obj
 0001:0000eb80       ?CopyStop@Stop@@QAEXAAV1@@Z 1000fb80 f   hoistway_plan.obj
 0001:0000ec30       ??AStopSequence@@QAEAAVStop@@F@Z 1000fc30 f   hoistway_plan.obj
 0001:0000ecb0       ??0StopSequence@@QAE@PAHH@Z 1000fcb0 f   hoistway_plan.obj
 0001:0000ede0       ??0StopSequence@@QAE@XZ    1000fde0 f   hoistway_plan.obj
 0001:0000ee20       ??0StopSequence@@QAE@AAV0@@Z 1000fe20 f   hoistway_plan.obj
 0001:0000ee60       ?reset@StopSequence@@QAEXXZ 1000fe60 f   hoistway_plan.obj
 0001:0000efa0       ?empty@StopSequence@@QAE_NXZ 1000ffa0 f   hoistway_plan.obj
 0001:0000efe0       ?copy@StopSequence@@QAEXAAV1@@Z 1000ffe0 f   hoistway_plan.obj
 0001:0000f080       ?CopyStop@StopSequence@@QAEXAAV1@@Z 10010080 f   hoistway_plan.obj
 0001:0000f1a0       ??4StopSequence@@QAEAAV0@AAV0@@Z 100101a0 f   hoistway_plan.obj
 0001:0000f1e0       ?NewStop@StopSequence@@QAEFXZ 100101e0 f   hoistway_plan.obj
 0001:0000f270       ?reset@Stop@@QAEHXZ        10010270 f i hoistway_plan.obj
 0001:0000f2e0       ?free@StopSequence@@QAEXF@Z 100102e0 f   hoistway_plan.obj
 0001:0000f340       ?InsertHead@StopSequence@@QAEXF@Z 10010340 f   hoistway_plan.obj
 0001:0000f3a0       ?InsertAfter@StopSequence@@QAEXHH@Z 100103a0 f   hoistway_plan.obj
 0001:0000f410       ?combine@StopSequence@@QAEXFGG@Z 10010410 f   hoistway_plan.obj
 0001:0000f4b0       ?origin@StopSequence@@QAEHXZ 100104b0 f   hoistway_plan.obj
 0001:0000f520       ?InitialDir@StopSequence@@QAEHXZ 10010520 f   hoistway_plan.obj
 0001:0000f690       ?LastDir@StopSequence@@QAEHXZ 10010690 f   hoistway_plan.obj
 0001:0000f780       ?LastFloor@StopSequence@@QAEHXZ 10010780 f   hoistway_plan.obj
 0001:0000f810       ?append@StopSequence@@QAEHAAVDestinationEntryCalls@@F@Z 10010810 f   hoistway_plan.obj
 0001:0000fd10       ?merge@StopSequence@@QAEHHAAVDestinationEntryCalls@@F@Z 10010d10 f   hoistway_plan.obj
 0001:00010310       ?direction@DestinationEntry@@QAEHXZ 10011310 f i hoistway_plan.obj
 0001:00010360       ?check_and_merge@StopSequence@@QAEHAAVDestinationEntryCalls@@FG@Z 10011360 f   hoistway_plan.obj
 0001:000104a0       ?LocateSub@StopSequence@@QAEHHFF@Z 100114a0 f   hoistway_plan.obj
 0001:000105c0       ?FindMergeNode@StopSequence@@QAEHHAAVDestinationEntryCalls@@F@Z 100115c0 f   hoistway_plan.obj
 0001:000108e0       ?LinkOrigin@StopSequence@@QAEXFAAVDestinationEntryCalls@@F@Z 100118e0 f   hoistway_plan.obj
 0001:000109c0       ?LinkDestination@StopSequence@@QAEXFAAVDestinationEntryCalls@@F@Z 100119c0 f   hoistway_plan.obj
 0001:00010aa0       ?UpdateOnBoard@StopSequence@@QAEXXZ 10011aa0 f   hoistway_plan.obj
 0001:00010bb0       ?debugPrint@StopSequence@@QAEXXZ 10011bb0 f   hoistway_plan.obj
 0001:00010c90       ?print@StopSequence@@QAEXAAV1@PAU_iobuf@@@Z 10011c90 f   hoistway_plan.obj
 0001:00010fd0       ??ODestinationEntry@@QAE_NAAV0@@Z 10011fd0 f   hoistway_plan.obj
 0001:000110c0       ??ADestinationEntryCalls@@QAEAAVDestinationEntry@@F@Z 100120c0 f   hoistway_plan.obj
 0001:00011130       ?PrintSequence@StopSequence@@QAEXPAU_iobuf@@@Z 10012130 f   hoistway_plan.obj
 0001:000111d0       ?reset@DestinationEntryCalls@@QAEXXZ 100121d0 f   hoistway_plan.obj
 0001:00011270       ?NewCall@DestinationEntryCalls@@QAEFXZ 10012270 f   hoistway_plan.obj
 0001:000112f0       ?init@DestinationEntryCalls@@QAEXQAY01HH@Z 100122f0 f   hoistway_plan.obj
 0001:000113e0       ?copy@DestinationEntryCalls@@QAEXAAV1@@Z 100123e0 f   hoistway_plan.obj
 0001:000114e0       ?size@DestinationEntryCalls@@QAEHXZ 100124e0 f   hoistway_plan.obj
 0001:00011540       ?empty@DestinationEntryCalls@@QAE_NXZ 10012540 f   hoistway_plan.obj
 0001:00011580       ?sort@DestinationEntryCalls@@QAEXXZ 10012580 f   hoistway_plan.obj
 0001:000118d0       ?MoveOriginForward@DestinationEntryCalls@@QAEXFF@Z 100128d0 f   hoistway_plan.obj
 0001:00011a10       ?PrintCalls@DestinationEntryCalls@@QAEXPAU_iobuf@@@Z 10012a10 f   hoistway_plan.obj
 0001:00011ad0       ?RemoveFromList@DestinationEntryCalls@@QAEFF@Z 10012ad0 f   hoistway_plan.obj
 0001:00011b80       ?CopyCommittedCalls@DestinationEntryCalls@@QAEXAAUCallList@@@Z 10012b80 f   hoistway_plan.obj
 0001:00011ce0       ?AddParkingStop@StopSequence@@QAEXAAUCarState@@@Z 10012ce0 f   hoistway_plan.obj
 0001:00011da0       ?CheckPivotStop@StopSequence@@QAEXAAUCarState@@@Z 10012da0 f   hoistway_plan.obj
 0001:00011f60       ?AddPivotStop@StopSequence@@QAEFAAUCarState@@@Z 10012f60 f   hoistway_plan.obj
 0001:00012060       ?AddArrivalPrecedence@HoistwayPlan@@QAEXEFF@Z 10013060 f   hoistway_plan.obj
 0001:000121a0       ?AddDeparturePrecedence@HoistwayPlan@@QAEXEFF@Z 100131a0 f   hoistway_plan.obj
 0001:000122d8       _GetProcAddress@8          100132d8 f   kernel32:KERNEL32.dll
 0001:000122de       _LoadLibraryA@4            100132de f   kernel32:KERNEL32.dll
 0001:000122e4       _FreeLibrary@4             100132e4 f   kernel32:KERNEL32.dll
 0001:000122ea       _SendMessageA@16           100132ea f   user32:USER32.dll
 0001:000122f0       __chkesp                   100132f0 f   LIBCMTD:chkesp.obj
 0001:00012330       ??3@YAXPAX@Z               10013330 f   LIBCMTD:dbgdel.obj
 0001:000123e0       __fpmath                   100133e0 f   LIBCMTD:fpinit.obj
 0001:00012410       __fpclear                  10013410 f   LIBCMTD:fpinit.obj
 0001:00012420       __cfltcvt_init             10013420 f   LIBCMTD:fpinit.obj
 0001:00012470       ___setfflag                10013470 f   LIBCMTD:fpinit.obj
 0001:00012490       __CIsqrt                   10013490 f   LIBCMTD:sqrt.obj
 0001:000124a4       _sqrt                      100134a4 f   LIBCMTD:sqrt.obj
 0001:00012550       __CIpow                    10013550 f   LIBCMTD:pow.obj
 0001:00012569       _pow                       10013569 f   LIBCMTD:pow.obj
 0001:00012770       _fabs                      10013770 f   LIBCMTD:fabs.obj
 0001:00012864       __ftol                     10013864 f   LIBCMTD:ftol.obj
 0001:00012890       __fsopen                   10013890 f   LIBCMTD:fopen.obj
 0001:00012990       _fopen                     10013990 f   LIBCMTD:fopen.obj
 0001:000129b0       _fprintf                   100139b0 f   LIBCMTD:fprintf.obj
 0001:00012a80       __CIcos                    10013a80 f   LIBCMTD:cos.obj
 0001:00012a94       _cos                       10013a94 f   LIBCMTD:cos.obj
 0001:00012b30       __CIacos                   10013b30 f   LIBCMTD:acos.obj
 0001:00012b44       _acos                      10013b44 f   LIBCMTD:acos.obj
 0001:00012c00       ??_L@YGXPAXIHP6EX0@Z1@Z    10013c00 f   LIBCMTD:ehvecctr.obj
 0001:00012ca0       __onexit                   10013ca0 f   LIBCMTD:onexit.obj
 0001:00012d60       _atexit                    10013d60 f   LIBCMTD:onexit.obj
 0001:00012d80       ___onexitinit              10013d80 f   LIBCMTD:onexit.obj
 0001:00012dd0       ??_M@YGXPAXIHP6EX0@Z@Z     10013dd0 f   LIBCMTD:ehvecdtr.obj
 0001:00012e80       ?__ArrayUnwind@@YGXPAXIHP6EX0@Z@Z 10013e80 f   LIBCMTD:ehvecdtr.obj
 0001:00012f30       ??1type_info@@UAE@XZ       10013f30 f   LIBCMTD:typinfo.obj
 0001:00012f70       ??_Etype_info@@UAEPAXI@Z   10013f70 f i LIBCMTD:typinfo.obj
 0001:00012f70       ??_Gtype_info@@UAEPAXI@Z   10013f70 f i LIBCMTD:typinfo.obj
 0001:00012fa0       ??8type_info@@QBEHABV0@@Z  10013fa0 f   LIBCMTD:typinfo.obj
 0001:00012fd0       ??9type_info@@QBEHABV0@@Z  10013fd0 f   LIBCMTD:typinfo.obj
 0001:00013000       ?before@type_info@@QBEHABV1@@Z 10014000 f   LIBCMTD:typinfo.obj
 0001:00013030       ?raw_name@type_info@@QBEPBDXZ 10014030 f   LIBCMTD:typinfo.obj
 0001:00013050       ??0type_info@@AAE@ABV0@@Z  10014050 f   LIBCMTD:typinfo.obj
 0001:00013070       ??4type_info@@AAEAAV0@ABV0@@Z 10014070 f   LIBCMTD:typinfo.obj
 0001:00013080       _fscanf                    10014080 f   LIBCMTD:fscanf.obj
 0001:00013120       _fclose                    10014120 f   LIBCMTD:fclose.obj
 0001:000131b0       __fclose_lk                100141b0 f   LIBCMTD:fclose.obj
 0001:00013270       _sprintf                   10014270 f   LIBCMTD:sprintf.obj
 0001:00013370       ?_JumpToContinuation@@YGXPAXPAUEHRegistrationNode@@@Z 10014370 f   LIBCMTD:trnsctrl.obj
 0001:000133b0       ?_CallMemberFunction0@@YGXPAX0@Z 100143b0 f   LIBCMTD:trnsctrl.obj
 0001:000133c0       ?_CallMemberFunction1@@YGXPAX00@Z 100143c0 f   LIBCMTD:trnsctrl.obj
 0001:000133d0       ?_CallMemberFunction2@@YGXPAX00H@Z 100143d0 f   LIBCMTD:trnsctrl.obj
 0001:000133e0       ?_UnwindNestedFrames@@YGXPAUEHRegistrationNode@@PAUEHExceptionRecord@@@Z 100143e0 f   LIBCMTD:trnsctrl.obj
 0001:00013440       ___CxxFrameHandler         10014440 f   LIBCMTD:trnsctrl.obj
 0001:00013480       ___CxxLongjmpUnwind@4      10014480 f   LIBCMTD:trnsctrl.obj
 0001:000134b0       ?_CallCatchBlock2@@YAPAXPAUEHRegistrationNode@@PBU_s_FuncInfo@@PAXHK@Z 100144b0 f   LIBCMTD:trnsctrl.obj
 0001:00013560       ?_CallSETranslator@@YAHPAUEHExceptionRecord@@PAUEHRegistrationNode@@PAX2PBU_s_FuncInfo@@H1@Z 10014560 f   LIBCMTD:trnsctrl.obj
 0001:000136c0       ?_GetRangeOfTrysToCheck@@YAPBU_s_TryBlockMapEntry@@PBU_s_FuncInfo@@HHPAI1@Z 100146c0 f   LIBCMTD:trnsctrl.obj
 0001:00013750       __global_unwind2           10014750 f   LIBCMTD:exsup.obj
 0001:00013792       __local_unwind2            10014792 f   LIBCMTD:exsup.obj
 0001:000137ea       __NLG_Return2              100147ea f   LIBCMTD:exsup.obj
 0001:000137fa       __abnormal_termination     100147fa f   LIBCMTD:exsup.obj
 0001:0001381d       __NLG_Notify1              1001481d f   LIBCMTD:exsup.obj
 0001:00013826       __NLG_Notify               10014826 f   LIBCMTD:exsup.obj
 0001:00013839       __NLG_Dispatch             10014839 f   LIBCMTD:exsup.obj
 0001:00013840       _strcpy                    10014840 f   LIBCMTD:strcat.obj
 0001:00013850       _strcat                    10014850 f   LIBCMTD:strcat.obj
 0001:00013930       _strcmp                    10014930 f   LIBCMTD:strcmp.obj
 0001:000139c0       _memcpy                    100149c0 f   LIBCMTD:memcpy.obj
 0001:00013d00       __CrtDbgBreak              10014d00 f   LIBCMTD:dbgrpt.obj
 0001:00013d10       __CrtSetReportMode         10014d10 f   LIBCMTD:dbgrpt.obj
 0001:00013d70       __CrtSetReportFile         10014d70 f   LIBCMTD:dbgrpt.obj
 0001:00013df0       __CrtSetReportHook         10014df0 f   LIBCMTD:dbgrpt.obj
 0001:00013e10       __CrtDbgReport             10014e10 f   LIBCMTD:dbgrpt.obj
 0001:000144b0       ___initstdio               100154b0 f   LIBCMTD:_file.obj
 0001:000145e0       ___endstdio                100155e0 f   LIBCMTD:_file.obj
 0001:00014600       __lock_file                10015600 f   LIBCMTD:_file.obj
 0001:00014640       __lock_file2               10015640 f   LIBCMTD:_file.obj
 0001:00014670       __unlock_file              10015670 f   LIBCMTD:_file.obj
 0001:000146b0       __unlock_file2             100156b0 f   LIBCMTD:_file.obj
 0001:000146e0       __CRT_INIT@12              100156e0 f   LIBCMTD:dllcrt0.obj
 0001:00014820       __DllMainCRTStartup@12     10015820 f   LIBCMTD:dllcrt0.obj
 0001:00014920       __amsg_exit                10015920 f   LIBCMTD:dllcrt0.obj
 0001:00014960       __mtinitlocks              10015960 f   LIBCMTD:mlock.obj
 0001:000149a0       __mtdeletelocks            100159a0 f   LIBCMTD:mlock.obj
 0001:00014a40       __lock                     10015a40 f   LIBCMTD:mlock.obj
 0001:00014ae0       __unlock                   10015ae0 f   LIBCMTD:mlock.obj
 0001:00014b00       __lockerr_exit             10015b00 f   LIBCMTD:mlock.obj
 0001:00014b20       _malloc                    10015b20 f   LIBCMTD:dbgheap.obj
 0001:00014b40       __malloc_dbg               10015b40 f   LIBCMTD:dbgheap.obj
 0001:00014b70       __nh_malloc                10015b70 f   LIBCMTD:dbgheap.obj
 0001:00014b90       __nh_malloc_dbg            10015b90 f   LIBCMTD:dbgheap.obj
 0001:00014bf0       __heap_alloc               10015bf0 f   LIBCMTD:dbgheap.obj
 0001:00014c10       __heap_alloc_dbg           10015c10 f   LIBCMTD:dbgheap.obj
 0001:00014f30       _calloc                    10015f30 f   LIBCMTD:dbgheap.obj
 0001:00014f50       __calloc_dbg               10015f50 f   LIBCMTD:dbgheap.obj
 0001:00014fb0       _realloc                   10015fb0 f   LIBCMTD:dbgheap.obj
 0001:00014fd0       __realloc_dbg              10015fd0 f   LIBCMTD:dbgheap.obj
 0001:00015530       __expand                   10016530 f   LIBCMTD:dbgheap.obj
 0001:00015550       __expand_dbg               10016550 f   LIBCMTD:dbgheap.obj
 0001:00015590       _free                      10016590 f   LIBCMTD:dbgheap.obj
 0001:000155b0       __free_lk                  100165b0 f   LIBCMTD:dbgheap.obj
 0001:000155d0       __free_dbg                 100165d0 f   LIBCMTD:dbgheap.obj
 0001:00015600       __free_dbg_lk              10016600 f   LIBCMTD:dbgheap.obj
 0001:000159f0       __msize                    100169f0 f   LIBCMTD:dbgheap.obj
 0001:00015a10       __msize_dbg                10016a10 f   LIBCMTD:dbgheap.obj
 0001:00015b70       __CrtSetBreakAlloc         10016b70 f   LIBCMTD:dbgheap.obj
 0001:00015b90       __CrtSetDbgBlockType       10016b90 f   LIBCMTD:dbgheap.obj
 0001:00015c30       __CrtSetAllocHook          10016c30 f   LIBCMTD:dbgheap.obj
 0001:00015ce0       __CrtCheckMemory           10016ce0 f   LIBCMTD:dbgheap.obj
 0001:00016050       __CrtSetDbgFlag            10017050 f   LIBCMTD:dbgheap.obj
 0001:00016080       __CrtDoForAllClientObjects 10017080 f   LIBCMTD:dbgheap.obj
 0001:000160f0       __CrtIsValidPointer        100170f0 f   LIBCMTD:dbgheap.obj
 0001:00016140       __CrtIsValidHeapPointer    10017140 f   LIBCMTD:dbgheap.obj
 0001:000161d0       __CrtIsMemoryBlock         100171d0 f   LIBCMTD:dbgheap.obj
 0001:000162c0       __CrtSetDumpClient         100172c0 f   LIBCMTD:dbgheap.obj
 0001:000162e0       __CrtMemCheckpoint         100172e0 f   LIBCMTD:dbgheap.obj
 0001:00016450       __CrtMemDifference         10017450 f   LIBCMTD:dbgheap.obj
 0001:00016580       __CrtMemDumpAllObjectsSince 10017580 f   LIBCMTD:dbgheap.obj
 0001:00016960       __CrtDumpMemoryLeaks       10017960 f   LIBCMTD:dbgheap.obj
 0001:000169e0       __CrtMemDumpStatistics     100179e0 f   LIBCMTD:dbgheap.obj
 0001:00016ab0       __setdefaultprecision      10017ab0 f   LIBCMTD:fp8.obj
 0001:00016ad0       __ms_p5_test_fdiv          10017ad0 f   LIBCMTD:testfdiv.obj
 0001:00016b30       __ms_p5_mp_test_fdiv       10017b30 f   LIBCMTD:testfdiv.obj
 0001:00016b80       __forcdecpt                10017b80 f   LIBCMTD:cvt.obj
 0001:00016c30       __cropzeros                10017c30 f   LIBCMTD:cvt.obj
 0001:00016d10       __positive                 10017d10 f   LIBCMTD:cvt.obj
 0001:00016d40       __fassign                  10017d40 f   LIBCMTD:cvt.obj
 0001:00016d90       __cftoe                    10017d90 f   LIBCMTD:cvt.obj
 0001:00016f80       __cftof                    10017f80 f   LIBCMTD:cvt.obj
 0001:00017130       __cftog                    10018130 f   LIBCMTD:cvt.obj
 0001:00017220       __cfltcvt                  10018220 f   LIBCMTD:cvt.obj
 0001:000172b0       __trandisp1                100182b0 f   LIBCMTD:87disp.obj
 0001:00017317       __trandisp2                10018317 f   LIBCMTD:87disp.obj
 0001:000173a3       __rttospopde               100183a3 f   LIBCMTD:87disp.obj
 0001:000173a8       __rttospop                 100183a8 f   LIBCMTD:87disp.obj
 0001:000173aa       __rtnospop                 100183aa f   LIBCMTD:87disp.obj
 0001:000173ac       __rttosnpop                100183ac f   LIBCMTD:87disp.obj
 0001:000173ad       __rtnospopde               100183ad f   LIBCMTD:87disp.obj
 0001:000173b4       __rtzeropop                100183b4 f   LIBCMTD:87disp.obj
 0001:000173b6       __rtzeronpop               100183b6 f   LIBCMTD:87disp.obj
 0001:000173bb       __rtonepop                 100183bb f   LIBCMTD:87disp.obj
 0001:000173bd       __rtonenpop                100183bd f   LIBCMTD:87disp.obj
 0001:000173c2       __tosnan1                  100183c2 f   LIBCMTD:87disp.obj
 0001:000173ed       __nosnan2                  100183ed f   LIBCMTD:87disp.obj
 0001:000173ef       __tosnan2                  100183ef f   LIBCMTD:87disp.obj
 0001:00017417       __nan2                     10018417 f   LIBCMTD:87disp.obj
 0001:00017456       __rtindfpop                10018456 f   LIBCMTD:87disp.obj
 0001:00017458       __rtindfnpop               10018458 f   LIBCMTD:87disp.obj
 0001:00017469       __rttosnpopde              10018469 f   LIBCMTD:87disp.obj
 0001:00017473       __rtchsifneg               10018473 f   LIBCMTD:87disp.obj
 0001:00017480       __startTwoArgErrorHandling 10018480 f   LIBCMTD:genexcep.obj
 0001:00017497       __startOneArgErrorHandling 10018497 f   LIBCMTD:genexcep.obj
 0001:000174e0       __twoToTOS                 100184e0 f   LIBCMTD:common.obj
 0001:000174f5       __load_CW                  100184f5 f   LIBCMTD:common.obj
 0001:0001750c       __convertTOStoQNaN         1001850c f   LIBCMTD:common.obj
 0001:00017525       __fload_withFB             10018525 f   LIBCMTD:common.obj
 0001:00017568       __checkTOS_withFB          10018568 f   LIBCMTD:common.obj
 0001:0001757e       __fast_exit                1001857e f   LIBCMTD:common.obj
 0001:0001758b       __math_exit                1001858b f   LIBCMTD:common.obj
 0001:000175b5       __check_overflow_exit      100185b5 f   LIBCMTD:common.obj
 0001:000175c9       __check_range_exit         100185c9 f   LIBCMTD:common.obj
 0001:00017681       __fFEXP                    10018681 f   LIBCMTD:87tran.obj
 0001:000176e8       __rtinfpopse               100186e8 f   LIBCMTD:87tran.obj
 0001:000176ea       __rtinfnpopse              100186ea f   LIBCMTD:87tran.obj
 0001:000176fa       __fFLN                     100186fa f   LIBCMTD:87tran.obj
 0001:000177af       __rtinfpop                 100187af f   LIBCMTD:87tran.obj
 0001:000177b1       __rtinfnpop                100187b1 f   LIBCMTD:87tran.obj
 0001:000177ce       __ffexpm1                  100187ce f   LIBCMTD:87tran.obj
 0001:00017880       __powhlp                   10018880 f   LIBCMTD:powhlp.obj
 0001:00017af0       __d_inttype                10018af0 f   LIBCMTD:powhlp.obj
 0001:00017b70       __handle_qnan1             10018b70 f   LIBCMTD:fpexcept.obj
 0001:00017bd0       __handle_qnan2             10018bd0 f   LIBCMTD:fpexcept.obj
 0001:00017c40       __except1                  10018c40 f   LIBCMTD:fpexcept.obj
 0001:00017d00       __except2                  10018d00 f   LIBCMTD:fpexcept.obj
 0001:00017dd0       __raise_exc                10018dd0 f   LIBCMTD:fpexcept.obj
 0001:000182a0       __handle_exc               100192a0 f   LIBCMTD:fpexcept.obj
 0001:00018620       __umatherr                 10019620 f   LIBCMTD:fpexcept.obj
 0001:000186c0       __set_errno                100196c0 f   LIBCMTD:fpexcept.obj
 0001:00018740       __errcode                  10019740 f   LIBCMTD:fpexcept.obj
 0001:000187c0       __set_exp                  100197c0 f   LIBCMTD:util.obj
 0001:00018800       __get_exp                  10019800 f   LIBCMTD:util.obj
 0001:00018830       __add_exp                  10019830 f   LIBCMTD:util.obj
 0001:00018870       __set_bexp                 10019870 f   LIBCMTD:util.obj
 0001:000188b0       __sptype                   100198b0 f   LIBCMTD:util.obj
 0001:00018930       __decomp                   10019930 f   LIBCMTD:util.obj
 0001:00018a70       __statfp                   10019a70 f   LIBCMTD:fpctrl.obj
 0001:00018a90       __clrfp                    10019a90 f   LIBCMTD:fpctrl.obj
 0001:00018ab0       __ctrlfp                   10019ab0 f   LIBCMTD:fpctrl.obj
 0001:00018af0       __set_statfp               10019af0 f   LIBCMTD:fpctrl.obj
 0001:00018b70       __openfile                 10019b70 f   LIBCMTD:_open.obj
 0001:00018f00       __getstream                10019f00 f   LIBCMTD:stream.obj
 0001:00019080       __stbuf                    1001a080 f   LIBCMTD:_sftbuf.obj
 0001:000191e0       __ftbuf                    1001a1e0 f   LIBCMTD:_sftbuf.obj
 0001:00019280       __output                   1001a280 f   LIBCMTD:output.obj
 0001:0001a124       __except_handler3          1001b124 f   LIBCMTD:exsup3.obj
 0001:0001a1e1       __seh_longjmp_unwind@4     1001b1e1 f   LIBCMTD:exsup3.obj
 0001:0001a200       __cinit                    1001b200 f   LIBCMTD:crt0dat.obj
 0001:0001a240       _exit                      1001b240 f   LIBCMTD:crt0dat.obj
 0001:0001a260       __exit                     1001b260 f   LIBCMTD:crt0dat.obj
 0001:0001a280       __cexit                    1001b280 f   LIBCMTD:crt0dat.obj
 0001:0001a2a0       __c_exit                   1001b2a0 f   LIBCMTD:crt0dat.obj
 0001:0001a3b0       __lockexit                 1001b3b0 f   LIBCMTD:crt0dat.obj
 0001:0001a3c0       __unlockexit               1001b3c0 f   LIBCMTD:crt0dat.obj
 0001:0001a400       ?terminate@@YAXXZ          1001b400 f   LIBCMTD:hooks.obj
 0001:0001a490       ?unexpected@@YAXXZ         1001b490 f   LIBCMTD:hooks.obj
 0001:0001a4b0       ?_inconsistency@@YAXXZ     1001b4b0 f   LIBCMTD:hooks.obj
 0001:0001a540       __free_base                1001b540 f   LIBCMTD:free.obj
 0001:0001a5b0       __input                    1001b5b0 f   LIBCMTD:input.obj
 0001:0001bab0       __close                    1001cab0 f   LIBCMTD:close.obj
 0001:0001bb30       __close_lk                 1001cb30 f   LIBCMTD:close.obj
 0001:0001bbe0       __freebuf                  1001cbe0 f   LIBCMTD:_freebuf.obj
 0001:0001bc80       _fflush                    1001cc80 f   LIBCMTD:fflush.obj
 0001:0001bcd0       __fflush_lk                1001ccd0 f   LIBCMTD:fflush.obj
 0001:0001bd20       __flush                    1001cd20 f   LIBCMTD:fflush.obj
 0001:0001bde0       __flushall                 1001cde0 f   LIBCMTD:fflush.obj
 0001:0001bf30       __flsbuf                   1001cf30 f   LIBCMTD:_flsbuf.obj
 0001:0001c1b0       ___InternalCxxFrameHandler 1001d1b0 f   LIBCMTD:frame.obj
 0001:0001c720       ___FrameUnwindToState      1001d720 f   LIBCMTD:frame.obj
 0001:0001cd30       ?_DestructExceptionObject@@YAXPAUEHExceptionRecord@@E@Z 1001dd30 f   LIBCMTD:frame.obj
 0001:0001ce10       __CallSettingFrame@12      1001de10 f   LIBCMTD:lowhelpr.obj
 0001:0001ce37       __NLG_Return               1001de37 f   LIBCMTD:lowhelpr.obj
 0001:0001ce60       __mtinit                   1001de60 f   LIBCMTD:tidtable.obj
 0001:0001cef0       __mtterm                   1001def0 f   LIBCMTD:tidtable.obj
 0001:0001cf20       __initptd                  1001df20 f   LIBCMTD:tidtable.obj
 0001:0001cf40       __getptd                   1001df40 f   LIBCMTD:tidtable.obj
 0001:0001cfe0       __freeptd                  1001dfe0 f   LIBCMTD:tidtable.obj
 0001:0001d0f0       ___threadid                1001e0f0 f   LIBCMTD:tidtable.obj
 0001:0001d100       ___threadhandle            1001e100 f   LIBCMTD:tidtable.obj
 0001:0001d110       __itoa                     1001e110 f   LIBCMTD:xtoa.obj
 0001:0001d230       __ltoa                     1001e230 f   LIBCMTD:xtoa.obj
 0001:0001d270       __ultoa                    1001e270 f   LIBCMTD:xtoa.obj
 0001:0001d290       __i64toa                   1001e290 f   LIBCMTD:xtoa.obj
 0001:0001d3e0       __ui64toa                  1001e3e0 f   LIBCMTD:xtoa.obj
 0001:0001d400       _strlen                    1001e400 f   LIBCMTD:strlen.obj
 0001:0001d480       __snprintf                 1001e480 f   LIBCMTD:snprintf.obj
 0001:0001d580       __vsnprintf                1001e580 f   LIBCMTD:vsnprint.obj
 0001:0001d680       __alloca_probe             1001e680 f   LIBCMTD:chkstk.obj
 0001:0001d680       __chkstk                   1001e680 f   LIBCMTD:chkstk.obj
 0001:0001d6b0       _signal                    1001e6b0 f   LIBCMTD:winsig.obj
 0001:0001d980       _raise                     1001e980 f   LIBCMTD:winsig.obj
 0001:0001dc20       ___fpecode                 1001ec20 f   LIBCMTD:winsig.obj
 0001:0001dc30       ___pxcptinfoptrs           1001ec30 f   LIBCMTD:winsig.obj
 0001:0001dc40       ___crtMessageBoxA          1001ec40 f   LIBCMTD:crtmbox.obj
 0001:0001dd00       _strncpy                   1001ed00 f   LIBCMTD:strncpy.obj
 0001:0001de00       __ioinit                   1001ee00 f   LIBCMTD:ioinit.obj
 0001:0001e130       __ioterm                   1001f130 f   LIBCMTD:ioinit.obj
 0001:0001e1d0       __fcloseall                1001f1d0 f   LIBCMTD:closeall.obj
 0001:0001e2b0       __setenvp                  1001f2b0 f   LIBCMTD:stdenvp.obj
 0001:0001e400       __setargv                  1001f400 f   LIBCMTD:stdargv.obj
 0001:0001e910       ___crtGetEnvironmentStringsA 1001f910 f   LIBCMTD:a_env.obj
 0001:0001eb30       __heap_init                1001fb30 f   LIBCMTD:heapinit.obj
 0001:0001eb80       __heap_term                1001fb80 f   LIBCMTD:heapinit.obj
 0001:0001ec20       __FF_MSGBANNER             1001fc20 f   LIBCMTD:crt0msg.obj
 0001:0001ec70       __NMSG_WRITE               1001fc70 f   LIBCMTD:crt0msg.obj
 0001:0001ee30       __GET_RTERRMSG             1001fe30 f   LIBCMTD:crt0msg.obj
 0001:0001ee80       ?_set_new_handler@@YAP6AHI@ZP6AHI@Z@Z 1001fe80 f   LIBCMTD:handler.obj
 0001:0001eeb0       ?_query_new_handler@@YAP6AHI@ZXZ 1001feb0 f   LIBCMTD:handler.obj
 0001:0001eec0       __callnewh                 1001fec0 f   LIBCMTD:handler.obj
 0001:0001eef0       _memset                    1001fef0 f   LIBCMTD:memset.obj
 0001:0001ef50       __malloc_base              1001ff50 f   LIBCMTD:malloc.obj
 0001:0001ef70       __nh_malloc_base           1001ff70 f   LIBCMTD:malloc.obj
 0001:0001efd0       __heap_alloc_base          1001ffd0 f   LIBCMTD:malloc.obj
 0001:0001f040       __CrtDefaultAllocHook      10020040 f   LIBCMTD:dbghook.obj
 0001:0001f050       __expand_base              10020050 f   LIBCMTD:expand.obj
 0001:0001f100       __realloc_base             10020100 f   LIBCMTD:realloc.obj
 0001:0001f2f0       __heapchk                  100202f0 f   LIBCMTD:heapchk.obj
 0001:0001f370       __heapset                  10020370 f   LIBCMTD:heapchk.obj
 0001:0001f380       __get_sbh_threshold        10020380 f   LIBCMTD:sbheap.obj
 0001:0001f390       __set_sbh_threshold        10020390 f   LIBCMTD:sbheap.obj
 0001:0001f3b0       ___sbh_heap_init           100203b0 f   LIBCMTD:sbheap.obj
 0001:0001f410       ___sbh_find_block          10020410 f   LIBCMTD:sbheap.obj
 0001:0001f470       ___sbh_verify_block        10020470 f   LIBCMTD:sbheap.obj
 0001:0001f4d0       ___sbh_free_block          100204d0 f   LIBCMTD:sbheap.obj
 0001:0001faa0       ___sbh_alloc_block         10020aa0 f   LIBCMTD:sbheap.obj
 0001:0001ffe0       ___sbh_alloc_new_region    10020fe0 f   LIBCMTD:sbheap.obj
 0001:000200f0       ___sbh_alloc_new_group     100210f0 f   LIBCMTD:sbheap.obj
 0001:000202e0       ___sbh_resize_block        100212e0 f   LIBCMTD:sbheap.obj
 0001:000208d0       ___sbh_heapmin             100218d0 f   LIBCMTD:sbheap.obj
 0001:00020a00       ___sbh_heap_check          10021a00 f   LIBCMTD:sbheap.obj
 0001:00021020       __isctype                  10022020 f   LIBCMTD:isctype.obj
 0001:000210e0       __statusfp                 100220e0 f   LIBCMTD:ieee87.obj
 0001:00021100       __clearfp                  10022100 f   LIBCMTD:ieee87.obj
 0001:00021120       __control87                10022120 f   LIBCMTD:ieee87.obj
 0001:00021170       __controlfp                10022170 f   LIBCMTD:ieee87.obj
 0001:00021190       __fpreset                  10022190 f   LIBCMTD:ieee87.obj
 0001:00021580       __tolower                  10022580 f   LIBCMTD:tolower.obj
 0001:00021590       _tolower                   10022590 f   LIBCMTD:tolower.obj
 0001:00021630       __tolower_lk               10022630 f   LIBCMTD:tolower.obj
 0001:00021760       __ZeroTail                 10022760 f   LIBCMTD:intrncvt.obj
 0001:000217f0       __IncMan                   100227f0 f   LIBCMTD:intrncvt.obj
 0001:000218a0       __RoundMan                 100228a0 f   LIBCMTD:intrncvt.obj
 0001:00021980       __CopyMan                  10022980 f   LIBCMTD:intrncvt.obj
 0001:000219d0       __FillZeroMan              100229d0 f   LIBCMTD:intrncvt.obj
 0001:00021a00       __IsZeroMan                10022a00 f   LIBCMTD:intrncvt.obj
 0001:00021a40       __ShrMan                   10022a40 f   LIBCMTD:intrncvt.obj
 0001:00021b30       __ld12cvt                  10022b30 f   LIBCMTD:intrncvt.obj
 0001:00021d80       __ld12tod                  10022d80 f   LIBCMTD:intrncvt.obj
 0001:00021da0       __ld12tof                  10022da0 f   LIBCMTD:intrncvt.obj
 0001:00021dc0       __ld12told                 10022dc0 f   LIBCMTD:intrncvt.obj
 0001:00021e80       __atodbl                   10022e80 f   LIBCMTD:intrncvt.obj
 0001:00021ec0       __atoldbl                  10022ec0 f   LIBCMTD:intrncvt.obj
 0001:00021f00       __atoflt                   10022f00 f   LIBCMTD:intrncvt.obj
 0001:00021f40       __fptostr                  10022f40 f   LIBCMTD:_fptostr.obj
 0001:00022040       __fltout2                  10023040 f   LIBCMTD:cfout.obj
 0001:000220c0       ___dtold                   100230c0 f   LIBCMTD:cfout.obj
 0001:00022230       _memmove                   10023230 f   LIBCMTD:memmove.obj
 0001:00022570       __fptrap                   10023570 f   LIBCMTD:crt0fp.obj
 0001:00022580       __87except                 10023580 f   LIBCMTD:87except.obj
 0001:00022700       _fdiv_main_routine         10023700 f   LIBCMTD:adj_fdiv.obj
 0001:00022817       __adj_fdiv_r               10023817 f   LIBCMTD:adj_fdiv.obj
 0001:00022cb6       __fdivp_sti_st             10023cb6 f   LIBCMTD:adj_fdiv.obj
 0001:00022cc9       __fdivrp_sti_st            10023cc9 f   LIBCMTD:adj_fdiv.obj
 0001:00022cdc       __adj_fdiv_m32             10023cdc f   LIBCMTD:adj_fdiv.obj
 0001:00022d28       __adj_fdiv_m64             10023d28 f   LIBCMTD:adj_fdiv.obj
 0001:00022d74       __adj_fdiv_m16i            10023d74 f   LIBCMTD:adj_fdiv.obj
 0001:00022da8       __adj_fdiv_m32i            10023da8 f   LIBCMTD:adj_fdiv.obj
 0001:00022ddc       __adj_fdivr_m32            10023ddc f   LIBCMTD:adj_fdiv.obj
 0001:00022e28       __adj_fdivr_m64            10023e28 f   LIBCMTD:adj_fdiv.obj
 0001:00022e74       __adj_fdivr_m16i           10023e74 f   LIBCMTD:adj_fdiv.obj
 0001:00022ea8       __adj_fdivr_m32i           10023ea8 f   LIBCMTD:adj_fdiv.obj
 0001:00022edc       __safe_fdiv                10023edc f   LIBCMTD:adj_fdiv.obj
 0001:00022ef1       __safe_fdivr               10023ef1 f   LIBCMTD:adj_fdiv.obj
 0001:00022f06       __fprem_common             10023f06 f   LIBCMTD:adj_fdiv.obj
 0001:0002310c       __adj_fprem                1002410c f   LIBCMTD:adj_fdiv.obj
 0001:000231be       __fprem1_common            100241be f   LIBCMTD:adj_fdiv.obj
 0001:000233c4       __adj_fprem1               100243c4 f   LIBCMTD:adj_fdiv.obj
 0001:00023479       __safe_fprem               10024479 f   LIBCMTD:adj_fdiv.obj
 0001:0002347f       __safe_fprem1              1002447f f   LIBCMTD:adj_fdiv.obj
 0001:00023485       __adj_fpatan               10024485 f   LIBCMTD:adj_fdiv.obj
 0001:00023488       __adj_fptan                10024488 f   LIBCMTD:adj_fdiv.obj
 0001:00023490       __frnd                     10024490 f   LIBCMTD:frnd.obj
 0001:000234b0       __copysign                 100244b0 f   LIBCMTD:ieeemisc.obj
 0001:000234e0       __chgsign                  100244e0 f   LIBCMTD:ieeemisc.obj
 0001:00023510       __scalb                    10024510 f   LIBCMTD:ieeemisc.obj
 0001:00023530       __logb                     10024530 f   LIBCMTD:ieeemisc.obj
 0001:00023660       __nextafter                10024660 f   LIBCMTD:ieeemisc.obj
 0001:000239a0       __finite                   100249a0 f   LIBCMTD:ieeemisc.obj
 0001:000239d0       __isnan                    100249d0 f   LIBCMTD:ieeemisc.obj
 0001:00023a20       __fpclass                  10024a20 f   LIBCMTD:ieeemisc.obj
 0001:00023b00       __dosmaperr                10024b00 f   LIBCMTD:dosmap.obj
 0001:00023ba0       __errno                    10024ba0 f   LIBCMTD:dosmap.obj
 0001:00023bb0       ___doserrno                10024bb0 f   LIBCMTD:dosmap.obj
 0001:00023bc0       __matherr                  10024bc0 f   LIBCMTD:matherr.obj
 0001:00023bd0       __open                     10024bd0 f   LIBCMTD:open.obj
 0001:00023c10       __sopen                    10024c10 f   LIBCMTD:open.obj
 0001:00024170       __isatty                   10025170 f   LIBCMTD:isatty.obj
 0001:000241b0       _wctomb                    100251b0 f   LIBCMTD:wctomb.obj
 0001:00024230       __wctomb_lk                10025230 f   LIBCMTD:wctomb.obj
 0001:000242d0       __aulldiv                  100252d0 f   LIBCMTD:ulldiv.obj
 0001:00024340       __aullrem                  10025340 f   LIBCMTD:ullrem.obj
 0001:000243c0       _abort                     100253c0 f   LIBCMTD:abort.obj
 0001:000243e0       _mbtowc                    100253e0 f   LIBCMTD:mbtowc.obj
 0001:00024460       __mbtowc_lk                10025460 f   LIBCMTD:mbtowc.obj
 0001:000245c0       _isalpha                   100255c0 f   LIBCMTD:_ctype.obj
 0001:00024610       _isupper                   10025610 f   LIBCMTD:_ctype.obj
 0001:00024650       _islower                   10025650 f   LIBCMTD:_ctype.obj
 0001:00024690       _isdigit                   10025690 f   LIBCMTD:_ctype.obj
 0001:000246d0       _isxdigit                  100256d0 f   LIBCMTD:_ctype.obj
 0001:00024720       _isspace                   10025720 f   LIBCMTD:_ctype.obj
 0001:00024760       _ispunct                   10025760 f   LIBCMTD:_ctype.obj
 0001:000247a0       _isalnum                   100257a0 f   LIBCMTD:_ctype.obj
 0001:000247f0       _isprint                   100257f0 f   LIBCMTD:_ctype.obj
 0001:00024840       _isgraph                   10025840 f   LIBCMTD:_ctype.obj
 0001:00024890       _iscntrl                   10025890 f   LIBCMTD:_ctype.obj
 0001:000248d0       ___isascii                 100258d0 f   LIBCMTD:_ctype.obj
 0001:000248e0       ___toascii                 100258e0 f   LIBCMTD:_ctype.obj
 0001:000248f0       ___iscsymf                 100258f0 f   LIBCMTD:_ctype.obj
 0001:00024950       ___iscsym                  10025950 f   LIBCMTD:_ctype.obj
 0001:000249b0       __allshl                   100259b0 f   LIBCMTD:llshl.obj
 0001:000249d0       __filbuf                   100259d0 f   LIBCMTD:_filbuf.obj
 0001:00024bc0       _ungetc                    10025bc0 f   LIBCMTD:ungetc.obj
 0001:00024c30       __ungetc_lk                10025c30 f   LIBCMTD:ungetc.obj
 0001:00024d70       __alloc_osfhnd             10025d70 f   LIBCMTD:osfinfo.obj
 0001:00024f60       __set_osfhnd               10025f60 f   LIBCMTD:osfinfo.obj
 0001:00025020       __free_osfhnd              10026020 f   LIBCMTD:osfinfo.obj
 0001:00025100       __get_osfhandle            10026100 f   LIBCMTD:osfinfo.obj
 0001:00025170       __open_osfhandle           10026170 f   LIBCMTD:osfinfo.obj
 0001:00025280       __lock_fhandle             10026280 f   LIBCMTD:osfinfo.obj
 0001:00025310       __unlock_fhandle           10026310 f   LIBCMTD:osfinfo.obj
 0001:00025340       __commit                   10026340 f   LIBCMTD:commit.obj
 0001:00025420       __write                    10026420 f   LIBCMTD:write.obj
 0001:000254b0       __write_lk                 100264b0 f   LIBCMTD:write.obj
 0001:00025730       __lseek                    10026730 f   LIBCMTD:lseek.obj
 0001:000257c0       __lseek_lk                 100267c0 f   LIBCMTD:lseek.obj
 0001:00025880       __getbuf                   10026880 f   LIBCMTD:_getbuf.obj
 0001:00025950       ?__CxxUnhandledExceptionFilter@@YGJPAU_EXCEPTION_POINTERS@@@Z 10026950 f   LIBCMTD:unhandld.obj
 0001:000259b0       ?__CxxSetUnhandledExceptionFilter@@YAXXZ 100269b0 f   LIBCMTD:unhandld.obj
 0001:000259d0       ?__CxxRestoreUnhandledExceptionFilter@@YAXXZ 100269d0 f   LIBCMTD:unhandld.obj
 0001:000259f0       ?_ValidateRead@@YAHPBXI@Z  100269f0 f   LIBCMTD:validate.obj
 0001:00025a20       ?_ValidateWrite@@YAHPAXI@Z 10026a20 f   LIBCMTD:validate.obj
 0001:00025a50       ?_ValidateExecute@@YAHP6GHXZ@Z 10026a50 f   LIBCMTD:validate.obj
 0001:00025a80       __XcptFilter               10026a80 f   LIBCMTD:winxfltr.obj
 0001:00025ca0       __setmbcp                  10026ca0 f   LIBCMTD:mbctype.obj
 0001:00026460       __getmbcp                  10027460 f   LIBCMTD:mbctype.obj
 0001:00026480       ___initmbctable            10027480 f   LIBCMTD:mbctype.obj
 0001:000264b0       ___crtGetStringTypeA       100274b0 f   LIBCMTD:a_str.obj
 0001:00026670       _setlocale                 10027670 f   LIBCMTD:setlocal.obj
 0001:00026d00       __expandlocale             10027d00 f   LIBCMTD:setlocal.obj
 0001:00026e90       ___init_dummy              10027e90 f   LIBCMTD:setlocal.obj
 0001:00026ea0       __strcats                  10027ea0 f   LIBCMTD:setlocal.obj
 0001:00026ef0       ___lc_strtolc              10027ef0 f   LIBCMTD:setlocal.obj
 0001:00027050       ___lc_lctostr              10028050 f   LIBCMTD:setlocal.obj
 0001:000270c0       ___crtLCMapStringA         100280c0 f   LIBCMTD:a_map.obj
 0001:00027420       ___addl                    10028420 f   LIBCMTD:mantold.obj
 0001:00027460       ___add_12                  10028460 f   LIBCMTD:mantold.obj
 0001:00027510       ___shl_12                  10028510 f   LIBCMTD:mantold.obj
 0001:00027570       ___shr_12                  10028570 f   LIBCMTD:mantold.obj
 0001:000275e0       ___mtold12                 100285e0 f   LIBCMTD:mantold.obj
 0001:00027720       ___strgtold12              10028720 f   LIBCMTD:strgtold.obj
 0001:00028250       ___STRINGTOLD              10029250 f   LIBCMTD:strgtold.obj
 0001:000282a0       _$I10_OUTPUT               100292a0 f   LIBCMTD:x10fout.obj
 0001:000287c0       _ldexp                     100297c0 f   LIBCMTD:ldexp.obj
 0001:00028a80       __chsize                   10029a80 f   LIBCMTD:chsize.obj
 0001:00028b00       __chsize_lk                10029b00 f   LIBCMTD:chsize.obj
 0001:00028d30       __read                     10029d30 f   LIBCMTD:read.obj
 0001:00028dc0       __read_lk                  10029dc0 f   LIBCMTD:read.obj
 0001:00029210       ___init_time               1002a210 f   LIBCMTD:inittime.obj
 0001:00029b90       ___init_numeric            1002ab90 f   LIBCMTD:initnum.obj
 0001:00029ec0       ___init_monetary           1002aec0 f   LIBCMTD:initmon.obj
 0001:0002a320       ___init_ctype              1002b320 f   LIBCMTD:initctyp.obj
 0001:0002a6c0       ___init_collate            1002b6c0 f   LIBCMTD:initcoll.obj
 0001:0002a6d0       _strcspn                   1002b6d0 f   LIBCMTD:strcspn.obj
 0001:0002a710       _strncmp                   1002b710 f   LIBCMTD:strncmp.obj
 0001:0002a750       _strpbrk                   1002b750 f   LIBCMTD:strpbrk.obj
 0001:0002a790       ___get_qualified_locale    1002b790 f   LIBCMTD:getqloc.obj
 0001:0002b530       ___ld12mul                 1002c530 f   LIBCMTD:tenpow.obj
 0001:0002b970       ___multtenpow12            1002c970 f   LIBCMTD:tenpow.obj
 0001:0002ba40       __setmode                  1002ca40 f   LIBCMTD:setmode.obj
 0001:0002bac0       __setmode_lk               1002cac0 f   LIBCMTD:setmode.obj
 0001:0002bb90       __Getdays                  1002cb90 f   LIBCMTD:strftime.obj
 0001:0002bcc0       __Getmonths                1002ccc0 f   LIBCMTD:strftime.obj
 0001:0002bdf0       __Gettnames                1002cdf0 f   LIBCMTD:strftime.obj
 0001:0002c160       _strftime                  1002d160 f   LIBCMTD:strftime.obj
 0001:0002c180       __Strftime                 1002d180 f   LIBCMTD:strftime.obj
 0001:0002d000       ___getlocaleinfo           1002e000 f   LIBCMTD:inithelp.obj
 0001:0002d290       _localeconv                1002e290 f   LIBCMTD:lconv.obj
 0001:0002d2a0       ___crtGetStringTypeW       1002e2a0 f   LIBCMTD:w_str.obj
 0001:0002d510       __stricmp                  1002e510 f   LIBCMTD:stricmp.obj
 0001:0002d510       __strcmpi                  1002e510 f   LIBCMTD:stricmp.obj
 0001:0002d5e0       __strnicmp                 1002e5e0 f   LIBCMTD:strnicmp.obj
 0001:0002d6f0       _atol                      1002e6f0 f   LIBCMTD:atox.obj
 0001:0002d7f0       _atoi                      1002e7f0 f   LIBCMTD:atox.obj
 0001:0002d810       __atoi64                   1002e810 f   LIBCMTD:atox.obj
 0001:0002d940       ___tzset                   1002e940 f   LIBCMTD:tzset.obj
 0001:0002d980       __tzset                    1002e980 f   LIBCMTD:tzset.obj
 0001:0002dd50       __isindst                  1002ed50 f   LIBCMTD:tzset.obj
 0001:0002e280       ___crtGetLocaleInfoW       1002f280 f   LIBCMTD:w_loc.obj
 0001:0002e420       ___crtGetLocaleInfoA       1002f420 f   LIBCMTD:a_loc.obj
 0001:0002e5d0       __allmul                   1002f5d0 f   LIBCMTD:llmul.obj
 0001:0002e610       _getenv                    1002f610 f   LIBCMTD:getenv.obj
 0001:0002e640       __getenv_lk                1002f640 f   LIBCMTD:getenv.obj
 0001:0002e710       __mbsnbicoll               1002f710 f   LIBCMTD:mbsnbico.obj
 0001:0002e760       ___wtomb_environ           1002f760 f   LIBCMTD:wtombenv.obj
 0001:0002e810       ___crtCompareStringA       1002f810 f   LIBCMTD:a_cmp.obj
 0001:0002ec60       ___crtsetenv               1002fc60 f   LIBCMTD:setenv.obj
 0001:0002f0b0       __mbschr                   100300b0 f   LIBCMTD:mbschr.obj
 0001:0002f1b0       _strchr                    100301b0 f   LIBCMTD:strchr.obj
 0001:0002f1b6       ___from_strstr_to_strchr   100301b6 f   LIBCMTD:strchr.obj
 0001:0002f26c       _RtlUnwind@16              1003026c f   kernel32:KERNEL32.dll
 0001:0002f272       _DebugBreak@0              10030272 f   kernel32:KERNEL32.dll
 0001:0002f278       _GetStdHandle@4            10030278 f   kernel32:KERNEL32.dll
 0001:0002f27e       _WriteFile@20              1003027e f   kernel32:KERNEL32.dll
 0001:0002f284       _InterlockedDecrement@4    10030284 f   kernel32:KERNEL32.dll
 0001:0002f28a       _OutputDebugStringA@4      1003028a f   kernel32:KERNEL32.dll
 0001:0002f290       _InterlockedIncrement@4    10030290 f   kernel32:KERNEL32.dll
 0001:0002f296       _GetModuleFileNameA@12     10030296 f   kernel32:KERNEL32.dll
 0001:0002f29c       _EnterCriticalSection@4    1003029c f   kernel32:KERNEL32.dll
 0001:0002f2a2       _LeaveCriticalSection@4    100302a2 f   kernel32:KERNEL32.dll
 0001:0002f2a8       _GetCommandLineA@0         100302a8 f   kernel32:KERNEL32.dll
 0001:0002f2ae       _GetVersion@0              100302ae f   kernel32:KERNEL32.dll
 0001:0002f2b4       _InitializeCriticalSection@4 100302b4 f   kernel32:KERNEL32.dll
 0001:0002f2ba       _DeleteCriticalSection@4   100302ba f   kernel32:KERNEL32.dll
 0001:0002f2c0       _ExitProcess@4             100302c0 f   kernel32:KERNEL32.dll
 0001:0002f2c6       _FatalAppExitA@8           100302c6 f   kernel32:KERNEL32.dll
 0001:0002f2cc       _IsBadWritePtr@8           100302cc f   kernel32:KERNEL32.dll
 0001:0002f2d2       _IsBadReadPtr@8            100302d2 f   kernel32:KERNEL32.dll
 0001:0002f2d8       _HeapValidate@12           100302d8 f   kernel32:KERNEL32.dll
 0001:0002f2de       _GetModuleHandleA@4        100302de f   kernel32:KERNEL32.dll
 0001:0002f2e4       _RaiseException@16         100302e4 f   kernel32:KERNEL32.dll
 0001:0002f2ea       _TerminateProcess@8        100302ea f   kernel32:KERNEL32.dll
 0001:0002f2f0       _GetCurrentProcess@0       100302f0 f   kernel32:KERNEL32.dll
 0001:0002f2f6       _HeapFree@12               100302f6 f   kernel32:KERNEL32.dll
 0001:0002f2fc       _GetLastError@0            100302fc f   kernel32:KERNEL32.dll
 0001:0002f302       _CloseHandle@4             10030302 f   kernel32:KERNEL32.dll
 0001:0002f308       _GetCurrentThreadId@0      10030308 f   kernel32:KERNEL32.dll
 0001:0002f30e       _TlsSetValue@8             1003030e f   kernel32:KERNEL32.dll
 0001:0002f314       _TlsAlloc@0                10030314 f   kernel32:KERNEL32.dll
 0001:0002f31a       _TlsFree@4                 1003031a f   kernel32:KERNEL32.dll
 0001:0002f320       _SetLastError@4            10030320 f   kernel32:KERNEL32.dll
 0001:0002f326       _TlsGetValue@4             10030326 f   kernel32:KERNEL32.dll
 0001:0002f32c       _GetCurrentThread@0        1003032c f   kernel32:KERNEL32.dll
 0001:0002f332       _SetConsoleCtrlHandler@8   10030332 f   kernel32:KERNEL32.dll
 0001:0002f338       _SetHandleCount@4          10030338 f   kernel32:KERNEL32.dll
 0001:0002f33e       _GetFileType@4             1003033e f   kernel32:KERNEL32.dll
 0001:0002f344       _GetStartupInfoA@4         10030344 f   kernel32:KERNEL32.dll
 0001:0002f34a       _FreeEnvironmentStringsA@4 1003034a f   kernel32:KERNEL32.dll
 0001:0002f350       _FreeEnvironmentStringsW@4 10030350 f   kernel32:KERNEL32.dll
 0001:0002f356       _WideCharToMultiByte@32    10030356 f   kernel32:KERNEL32.dll
 0001:0002f35c       _GetEnvironmentStrings@0   1003035c f   kernel32:KERNEL32.dll
 0001:0002f362       _GetEnvironmentStringsW@0  10030362 f   kernel32:KERNEL32.dll
 0001:0002f368       _HeapDestroy@4             10030368 f   kernel32:KERNEL32.dll
 0001:0002f36e       _HeapCreate@12             1003036e f   kernel32:KERNEL32.dll
 0001:0002f374       _VirtualFree@12            10030374 f   kernel32:KERNEL32.dll
 0001:0002f37a       _HeapAlloc@12              1003037a f   kernel32:KERNEL32.dll
 0001:0002f380       _HeapReAlloc@16            10030380 f   kernel32:KERNEL32.dll
 0001:0002f386       _VirtualAlloc@16           10030386 f   kernel32:KERNEL32.dll
 0001:0002f38c       _CreateFileA@28            1003038c f   kernel32:KERNEL32.dll
 0001:0002f392       _MultiByteToWideChar@24    10030392 f   kernel32:KERNEL32.dll
 0001:0002f398       _SetStdHandle@8            10030398 f   kernel32:KERNEL32.dll
 0001:0002f39e       _FlushFileBuffers@4        1003039e f   kernel32:KERNEL32.dll
 0001:0002f3a4       _SetFilePointer@16         100303a4 f   kernel32:KERNEL32.dll
 0001:0002f3aa       _SetUnhandledExceptionFilter@4 100303aa f   kernel32:KERNEL32.dll
 0001:0002f3b0       _IsBadCodePtr@4            100303b0 f   kernel32:KERNEL32.dll
 0001:0002f3b6       _UnhandledExceptionFilter@4 100303b6 f   kernel32:KERNEL32.dll
 0001:0002f3bc       _GetCPInfo@8               100303bc f   kernel32:KERNEL32.dll
 0001:0002f3c2       _GetACP@0                  100303c2 f   kernel32:KERNEL32.dll
 0001:0002f3c8       _GetOEMCP@0                100303c8 f   kernel32:KERNEL32.dll
 0001:0002f3ce       _GetStringTypeA@20         100303ce f   kernel32:KERNEL32.dll
 0001:0002f3d4       _GetStringTypeW@16         100303d4 f   kernel32:KERNEL32.dll
 0001:0002f3da       _Sleep@4                   100303da f   kernel32:KERNEL32.dll
 0001:0002f3e0       _LCMapStringA@24           100303e0 f   kernel32:KERNEL32.dll
 0001:0002f3e6       _LCMapStringW@24           100303e6 f   kernel32:KERNEL32.dll
 0001:0002f3ec       _SetEndOfFile@4            100303ec f   kernel32:KERNEL32.dll
 0001:0002f3f2       _ReadFile@20               100303f2 f   kernel32:KERNEL32.dll
 0001:0002f3f8       _IsValidLocale@8           100303f8 f   kernel32:KERNEL32.dll
 0001:0002f3fe       _IsValidCodePage@4         100303fe f   kernel32:KERNEL32.dll
 0001:0002f404       _GetLocaleInfoA@16         10030404 f   kernel32:KERNEL32.dll
 0001:0002f40a       _EnumSystemLocalesA@8      1003040a f   kernel32:KERNEL32.dll
 0001:0002f410       _GetUserDefaultLCID@0      10030410 f   kernel32:KERNEL32.dll
 0001:0002f416       _GetVersionExA@4           10030416 f   kernel32:KERNEL32.dll
 0001:0002f41c       _GetTimeZoneInformation@4  1003041c f   kernel32:KERNEL32.dll
 0001:0002f422       _GetLocaleInfoW@16         10030422 f   kernel32:KERNEL32.dll
 0001:0002f428       _CompareStringA@24         10030428 f   kernel32:KERNEL32.dll
 0001:0002f42e       _CompareStringW@24         1003042e f   kernel32:KERNEL32.dll
 0001:0002f434       _SetEnvironmentVariableA@8 10030434 f   kernel32:KERNEL32.dll
 0002:0000001c       ??_7CCar@@6B@              1003101c     Car.obj
 0002:00000020       __real@8@bfff8000000000000000 10031020     Car.obj
 0002:00000028       __real@8@00000000000000000000 10031028     Car.obj
 0002:00000030       __real@8@4005c800000000000000 10031030     Car.obj
 0002:00000038       __real@8@4008fa00000000000000 10031038     Car.obj
 0002:00000040       __real@8@3ffe8000000000000000 10031040     Car.obj
 0002:00000048       __real@8@40008000000000000000 10031048     Car.obj
 0002:00000050       __real@8@40018000000000000000 10031050     Car.obj
 0002:00000058       __real@8@3fe4abcc77118461d000 10031058     Car.obj
 0002:00000060       __real@8@400a8340000000000000 10031060     Car.obj
 0002:00000068       __real@8@4001c000000000000000 10031068     CMotion.obj
 0002:00000070       __real@8@3fffc000000000000000 10031070     CMotion.obj
 0002:00000078       __real@8@4000c000000000000000 10031078     CMotion.obj
 0002:00000080       __real@8@bfeea7c5ac471b478800 10031080     CMotion.obj
 0002:00000088       __real@8@3feea7c5ac471b478800 10031088     CMotion.obj
 0002:00000090       __real@8@bffe8000000000000000 10031090     CMotion.obj
 0002:00000098       ??_C@_0BC@GJHM@ESP?9NSP_debug?4txt?$AA@ 10031098     ESP-NSP.obj
 0002:000000ac       ??_C@_01LLF@w?$AA@         100310ac     ESP-NSP.obj
 0002:000000b0       ??_C@_0BB@ODBN@TSA?5Delay?5?$DN?5?$CF?43f?$AA@ 100310b0     ESP-NSP.obj
 0002:000000c4       ??_C@_0FD@MOKC@Critical?5Point?5?$CFd?0?5tESP?5?$DN?5?$CF?43f?0?5@ 100310c4     ESP-NSP.obj
 0002:00000118       __real@8@40028000000000000000 10031118     ESP-NSP.obj
 0002:00000120       __real@8@401effffffff00000000 10031120     ESP-NSP.obj
 0002:00000128       __real@8@c01effffffff00000000 10031128     ESP-NSP.obj
 0002:00000130       __real@8@3ff1d1b71758e2196800 10031130     ESP-NSP.obj
 0002:00000138       ??_C@_0EG@OMAE@i?$DN?$CFd?0?5time?$DN?5?$CF?43f?0?5j?5?$DN?5?$CF?41f?0?5a?5?$DN?5@ 10031138     ESP-NSP.obj
 0002:00000180       ??_C@_0P@PNCB@ESP?5Intervals?6?$AA@ 10031180     ESP-NSP.obj
 0002:00000190       __real@8@40048000000000000000 10031190     ESP-NSP.obj
 0002:00000198       __real@8@4003d800000000000000 10031198     ESP-NSP.obj
 0002:000001a0       ??_C@_0EG@IHOK@i?$DN?$CFd?0?5time?$DN?5?$CF?43f?0?5j?5?$DN?5?$CF?41f?0?5a?5?$DN?5@ 100311a0     ESP-NSP.obj
 0002:000001e8       ??_C@_0P@BPFJ@NSP?5Intervals?6?$AA@ 100311e8     ESP-NSP.obj
 0002:000001f8       __real@8@4002c90fdaa22168c000 100311f8     ESP-NSP.obj
 0002:00000200       __real@8@4001c90fdaa22168c000 10031200     ESP-NSP.obj
 0002:00000208       __real@8@40029000000000000000 10031208     ESP-NSP.obj
 0002:00000210       __real@8@c0018000000000000000 10031210     ESP-NSP.obj
 0002:00000218       __real@8@40058000000000000000 10031218     ESP-NSP.obj
 0002:00000220       __real@8@40078000000000000000 10031220     ESP-NSP.obj
 0002:00000228       __real@8@40038000000000000000 10031228     ESP-NSP.obj
 0002:00000230       ??_C@_0P@JCMH@RegeneratePlan?$AA@ 10031230     HExec.obj
 0002:00000240       ??_C@_0BE@FMLP@HoistwayPlanner?4dll?$AA@ 10031240     HExec.obj
 0002:00000254       ??_C@_0BB@KOEC@GDCancelCarCalls?$AA@ 10031254     HExec.obj
 0002:00000268       ??_C@_0BA@MKNM@GDAcceptCarCall?$AA@ 10031268     HExec.obj
 0002:00000278       ??_C@_0BC@LGPD@GDCancelHallCalls?$AA@ 10031278     HExec.obj
 0002:0000028c       ??_C@_0M@NBEB@OCSSCommand?$AA@ 1003128c     HExec.obj
 0002:00000298       ??_C@_09CFMH@2DSim?4EXE?$AA@ 10031298     HExec.obj
 0002:000002a4       ??_C@_02MECO@?$CFd?$AA@    100312a4     HExec.obj
 0002:000002a8       ??_C@_0O@DAHE@c?3?1handle?4txt?$AA@ 100312a8     HExec.obj
 0002:000002b8       ??_C@_01LHO@r?$AA@         100312b8     HExec.obj
 0002:000002bc       ??_C@_04DJDA@test?$AA@     100312bc     HExec.obj
 0002:000002c4       ??_C@_07BLAK@NO_DIR?6?$AA@ 100312c4     HExec.obj
 0002:000002cc       ??_C@_03KEGI@DN?6?$AA@     100312cc     HExec.obj
 0002:000002d0       ??_C@_03HPBG@UP?6?$AA@     100312d0     HExec.obj
 0002:000002d4       ??_C@_08ONMG@DELAYED?0?$AA@ 100312d4     HExec.obj
 0002:000002e0       ??_C@_0L@BGIP@CLOSE_CUT?0?$AA@ 100312e0     HExec.obj
 0002:000002ec       ??_C@_08FIIK@HURRIED?0?$AA@ 100312ec     HExec.obj
 0002:000002f8       ??_C@_07KAHH@NORMAL?0?$AA@ 100312f8     HExec.obj
 0002:00000300       ??_C@_09MCA@NOT_OPEN?0?$AA@ 10031300     HExec.obj
 0002:0000030c       ??_C@_03HMFC@?$CFd?6?$AA@  1003130c     HExec.obj
 0002:00000310       ??_C@_07LGJI@NO_DIR?0?$AA@ 10031310     HExec.obj
 0002:00000318       ??_C@_03JPK@DN?0?$AA@      10031318     HExec.obj
 0002:0000031c       ??_C@_03NCIE@UP?0?$AA@     1003131c     HExec.obj
 0002:00000320       ??_C@_05GHMI@STAY?0?$AA@   10031320     HExec.obj
 0002:00000328       ??_C@_05KOHD@MOVE?0?$AA@   10031328     HExec.obj
 0002:00000330       ??_C@_06PGKM@?$DM?$DM?5?$DO?$DO?0?$AA@ 10031330     HExec.obj
 0002:00000338       ??_C@_06IECD@?5?$HM?5?5?$HM?0?$AA@ 10031338     HExec.obj
 0002:00000340       ??_C@_05IKEE@?$DO?$DO?$DM?$DM?0?$AA@ 10031340     HExec.obj
 0002:00000348       ??_C@_04ONOO@?5?$HM?5?0?$AA@ 10031348     HExec.obj
 0002:00000350       ??_C@_07DCKM@CDELAY?0?$AA@ 10031350     HExec.obj
 0002:00000358       ??_C@_06FLHC@CHOLD?0?$AA@  10031358     HExec.obj
 0002:00000360       ??_C@_05MJA@CDCS?0?$AA@    10031360     HExec.obj
 0002:00000368       ??_C@_05NEHP@CDOS?0?$AA@   10031368     HExec.obj
 0002:00000370       ??_C@_04DOHP@CSS?0?$AA@    10031370     HExec.obj
 0002:00000378       ??_C@_0L@MKHI@CAS_DECEL?0?$AA@ 10031378     HExec.obj
 0002:00000384       ??_C@_04LLDI@CAS?0?$AA@    10031384     HExec.obj
 0002:0000038c       ??_C@_04GMGJ@CRS?0?$AA@    1003138c     HExec.obj
 0002:00000394       ??_C@_04BPBF@CCS?0?$AA@    10031394     HExec.obj
 0002:0000039c       ??_C@_04CLIN@CIS?0?$AA@    1003139c     HExec.obj
 0002:000003a4       ??_C@_04GICL@CMD?0?$AA@    100313a4     HExec.obj
 0002:000003ac       ??_C@_03NBMA@?$CFd?0?$AA@  100313ac     HExec.obj
 0002:000003b0       ??_C@_0HP@BLGK@curInx?0time?0state?0actual_pos?0tar@ 100313b0     HExec.obj
 0002:00000430       ??_C@_0BC@FMKM@c?3?1carState?$CFd?4csv?$AA@ 10031430     HExec.obj
 0002:00000444       ??_C@_0BE@OOPJ@LOWER?5CAR?5SEQUENCE?6?$AA@ 10031444     HExec.obj
 0002:00000458       ??_C@_0N@MHLD@?$CFd?0?$CFd?0?$CFs?0?$CFd?6?$AA@ 10031458     HExec.obj
 0002:00000468       ??_C@_05KLDG@pivot?$AA@    10031468     HExec.obj
 0002:00000470       ??_C@_06JAAK@served?$AA@   10031470     HExec.obj
 0002:00000478       ??_C@_07DJCO@parking?$AA@  10031478     HExec.obj
 0002:00000480       ??_C@_05EPOH@yield?$AA@    10031480     HExec.obj
 0002:00000488       ??_C@_0M@NKHL@conditional?$AA@ 10031488     HExec.obj
 0002:00000494       ??_C@_06LGMH@demand?$AA@   10031494     HExec.obj
 0002:0000049c       ??_C@_0BE@FENG@UPPER?5CAR?5SEQUENCE?6?$AA@ 1003149c     HExec.obj
 0002:000004b0       ??_C@_0O@EPFD@c?3?1plan?$CFd?4csv?$AA@ 100314b0     HExec.obj
 0002:000004c0       ??_C@_0BA@LFKF@Error_Hexec?4log?$AA@ 100314c0     HExec.obj
 0002:000004d0       ??_C@_02IAAH@wt?$AA@       100314d0     HExec.obj
 0002:000004d4       ??_C@_0L@DIKD@2005?107?114?$AA@ 100314d4     HExec.obj
 0002:000004e0       ??_C@_0O@JODI@NO_DISPATCHER?$AA@ 100314e0     HExec.obj
 0002:000004f0       ??_C@_01FNLH@a?$AA@        100314f0     HExec.obj
 0002:000004f4       ??_C@_0BD@HGPA@Start?5index?5is?5?$CFd?6?$AA@ 100314f4     HExec.obj
 0002:00000508       ??_C@_0BO@LOO@time?3?$CFd?5?5?5?5?5StartIndex?5is?5?$CFd?6?$AA@ 10031508     HExec.obj
 0002:00000528       ??_C@_0CJ@KEGB@Index?5out?5of?5range?5in?5stop?5seque@ 10031528     hoistway_plan.obj
 0002:00000554       ??_C@_0BK@LFFM@?$FL?$CFd?$FN?5stop?5?$CFd?3?5floor?5?$DN?5?$CFd?6?$AA@ 10031554     hoistway_plan.obj
 0002:00000570       ??_C@_0CL@LCCA@Current?5NCF?5?$DN?5?$CFd?0?5Initial?5Passen@ 10031570     hoistway_plan.obj
 0002:0000059c       ??_C@_01BJG@?6?$AA@        1003159c     hoistway_plan.obj
 0002:000005a0       ??_C@_0BJ@NEK@Departure?5Successor?5?3?$CFd?6?$AA@ 100315a0     hoistway_plan.obj
 0002:000005bc       ??_C@_0BL@FKOL@Departure?5Precedessor?5?3?$CFd?6?$AA@ 100315bc     hoistway_plan.obj
 0002:000005d8       ??_C@_0BH@NCBF@Arrival?5Successor?5?3?$CFd?6?$AA@ 100315d8     hoistway_plan.obj
 0002:000005f0       ??_C@_0BJ@JJDB@Arrival?5Precedessor?5?3?$CFd?6?$AA@ 100315f0     hoistway_plan.obj
 0002:0000060c       ??_C@_0BC@MNNA@Stop?5Type?3?5Pivot?6?$AA@ 1003160c     hoistway_plan.obj
 0002:00000620       ??_C@_0BD@JADC@Stop?5Type?3?5Served?6?$AA@ 10031620     hoistway_plan.obj
 0002:00000634       ??_C@_0BE@CFAP@Stop?5Type?3?5Parking?6?$AA@ 10031634     hoistway_plan.obj
 0002:00000648       ??_C@_0BC@FDDE@Stop?5Type?3?5Yield?6?$AA@ 10031648     hoistway_plan.obj
 0002:0000065c       ??_C@_0BI@PNMJ@Stop?5Type?3?5Conditional?6?$AA@ 1003165c     hoistway_plan.obj
 0002:00000674       ??_C@_0BD@BKBE@Stop?5Type?3?5Demand?6?$AA@ 10031674     hoistway_plan.obj
 0002:00000688       ??_C@_0BN@CODC@None?9empty?5move?5to?5the?5stop?6?$AA@ 10031688     hoistway_plan.obj
 0002:000006a8       ??_C@_0BI@PEIA@Empty?5move?5to?5the?5stop?6?$AA@ 100316a8     hoistway_plan.obj
 0002:000006c0       ??_C@_0DB@DLFN@boarding?5?$DN?5?$CFd?0?5deboarding?5?$DN?5?$CFd?0?5@ 100316c0     hoistway_plan.obj
 0002:000006f4       __real@4@4005c800000000000000 100316f4     hoistway_plan.obj
 0002:000006f8       ??_C@_0BF@JFJ@stop?5?$CFd?3?5floor?5?$DN?5?$CFd?6?$AA@ 100316f8     hoistway_plan.obj
 0002:00000710       ??_C@_0DB@EAKM@Index?5out?5of?5range?5in?5Destinatio@ 10031710     hoistway_plan.obj
 0002:00000744       ??_C@_03CPCE@?$CFd?5?$AA@  10031744     hoistway_plan.obj
 0002:00000748       ??_C@_0DI@BBAB@Calls?5?$CFd?3?5origin?3?$CFd?0?5destination@ 10031748     hoistway_plan.obj
 0002:00000780       ??_C@_0O@FHMD@i386?2chkesp?4c?$AA@ 10031780     LIBCMTD:chkesp.obj
 0002:00000790       ??_C@_00A@?$AA@            10031790     LIBCMTD:chkesp.obj
 0002:00000794       ??_C@_0NM@ELEE@The?5value?5of?5ESP?5was?5not?5properl@ 10031794     LIBCMTD:chkesp.obj
 0002:00000870       ??_C@_0L@OFGA@dbgdel?4cpp?$AA@ 10031870     LIBCMTD:dbgdel.obj
 0002:0000087c       ??_C@_0CH@PHOC@_BLOCK_TYPE_IS_VALID?$CIpHead?9?$DOnBlo@ 1003187c     LIBCMTD:dbgdel.obj
 0002:000008a8       __real@8@3fff8000000000000000 100318a8     LIBCMTD:fabs.obj
 0002:000008b0       ??_C@_0BC@IPFL@?$CKmode?5?$CB?$DN?5_T?$CI?8?20?8?$CJ?$AA@ 100318b0     LIBCMTD:fopen.obj
 0002:000008c4       ??_C@_0N@BKPP@mode?5?$CB?$DN?5NULL?$AA@ 100318c4     LIBCMTD:fopen.obj
 0002:000008d4       ??_C@_0BC@GOED@?$CKfile?5?$CB?$DN?5_T?$CI?8?20?8?$CJ?$AA@ 100318d4     LIBCMTD:fopen.obj
 0002:000008e8       ??_C@_07OMGG@fopen?4c?$AA@ 100318e8     LIBCMTD:fopen.obj
 0002:000008f0       ??_C@_0N@MCKG@file?5?$CB?$DN?5NULL?$AA@ 100318f0     LIBCMTD:fopen.obj
 0002:00000900       ??_C@_0P@LNLA@format?5?$CB?$DN?5NULL?$AA@ 10031900     LIBCMTD:fprintf.obj
 0002:00000910       ??_C@_09DLOM@fprintf?4c?$AA@ 10031910     LIBCMTD:fprintf.obj
 0002:0000091c       ??_C@_0M@KJPK@str?5?$CB?$DN?5NULL?$AA@ 1003191c     LIBCMTD:fprintf.obj
 0002:00000934       ??_C@_08CEA@onexit?4c?$AA@ 10031934     LIBCMTD:onexit.obj
 0002:00000960       ??_7type_info@@6B@         10031960     LIBCMTD:typinfo.obj
 0002:00000964       ??_C@_08KDEN@fscanf?4c?$AA@ 10031964     LIBCMTD:fscanf.obj
 0002:00000970       ??_C@_0P@FHEA@stream?5?$CB?$DN?5NULL?$AA@ 10031970     LIBCMTD:fscanf.obj
 0002:00000980       ??_C@_08PHBD@fclose?4c?$AA@ 10031980     LIBCMTD:fclose.obj
 0002:0000098c       ??_C@_09NEAG@sprintf?4c?$AA@ 1003198c     LIBCMTD:sprintf.obj
 0002:00000998       ??_C@_0P@OOIN@string?5?$CB?$DN?5NULL?$AA@ 10031998     LIBCMTD:sprintf.obj
 0002:000009a8       ??_C@_0BB@BLL@Assertion?5Failed?$AA@ 100319a8     LIBCMTD:dbgrpt.obj
 0002:000009bc       ??_C@_05CKBG@Error?$AA@    100319bc     LIBCMTD:dbgrpt.obj
 0002:000009c4       ??_C@_07JCGI@Warning?$AA@  100319c4     LIBCMTD:dbgrpt.obj
 0002:000009cc       ??_C@_0M@ODEP@?$CFs?$CI?$CFd?$CJ?5?3?5?$CFs?$AA@ 100319cc     LIBCMTD:dbgrpt.obj
 0002:000009d8       ??_C@_01FEHD@?$AN?$AA@     100319d8     LIBCMTD:dbgrpt.obj
 0002:000009dc       ??_C@_0BC@OIMC@Assertion?5failed?$CB?$AA@ 100319dc     LIBCMTD:dbgrpt.obj
 0002:000009f0       ??_C@_0BD@BEAK@Assertion?5failed?3?5?$AA@ 100319f0     LIBCMTD:dbgrpt.obj
 0002:00000a04       ??_C@_0CL@LCCP@_CrtDbgReport?3?5String?5too?5long?5o@ 10031a04     LIBCMTD:dbgrpt.obj
 0002:00000a30       ??_C@_0DC@EMDK@Second?5Chance?5Assertion?5Failed?3?5@ 10031a30     LIBCMTD:dbgrpt.obj
 0002:00000a64       ??_C@_09NJAK@wsprintfA?$AA@ 10031a64     LIBCMTD:dbgrpt.obj
 0002:00000a70       ??_C@_0L@HKL@user32?4dll?$AA@ 10031a70     LIBCMTD:dbgrpt.obj
 0002:00000a7c       ??_C@_0CD@GCMD@Microsoft?5Visual?5C?$CL?$CL?5Debug?5Libra@ 10031a7c     LIBCMTD:dbgrpt.obj
 0002:00000aa0       ??_C@_0FD@EBDD@Debug?5?$CFs?$CB?6?6Program?3?5?$CFs?$CFs?$CFs?$CFs?$CFs?$CFs@ 10031aa0     LIBCMTD:dbgrpt.obj
 0002:00000af4       ??_C@_09DCKN@?6Module?3?5?$AA@ 10031af4     LIBCMTD:dbgrpt.obj
 0002:00000b00       ??_C@_07HJII@?6File?3?5?$AA@ 10031b00     LIBCMTD:dbgrpt.obj
 0002:00000b08       ??_C@_07LFGN@?6Line?3?5?$AA@ 10031b08     LIBCMTD:dbgrpt.obj
 0002:00000b10       ??_C@_02JJJH@?6?6?$AA@     10031b10     LIBCMTD:dbgrpt.obj
 0002:00000b14       ??_C@_0N@NOAB@Expression?3?5?$AA@ 10031b14     LIBCMTD:dbgrpt.obj
 0002:00000b24       ??_C@_0HD@BHFH@?6?6For?5information?5on?5how?5your?5pr@ 10031b24     LIBCMTD:dbgrpt.obj
 0002:00000b98       ??_C@_03NAME@?4?4?4?$AA@   10031b98     LIBCMTD:dbgrpt.obj
 0002:00000b9c       ??_C@_0BH@NNCD@?$DMprogram?5name?5unknown?$DO?$AA@ 10031b9c     LIBCMTD:dbgrpt.obj
 0002:00000bb4       ??_C@_08GFHP@dbgrpt?4c?$AA@ 10031bb4     LIBCMTD:dbgrpt.obj
 0002:00000bc0       ??_C@_0BG@FBEA@szUserMessage?5?$CB?$DN?5NULL?$AA@ 10031bc0     LIBCMTD:dbgrpt.obj
 0002:00000bd8       ??_C@_07HPAH@_file?4c?$AA@ 10031bd8     LIBCMTD:_file.obj
 0002:00000be0       ??_C@_07PDLA@mlock?4c?$AA@ 10031be0     LIBCMTD:mlock.obj
 0002:00000be8       ??_C@_06DPMO@Client?$AA@   10031be8     LIBCMTD:dbgheap.obj
 0002:00000bf0       ??_C@_06BAFM@Ignore?$AA@   10031bf0     LIBCMTD:dbgheap.obj
 0002:00000bf8       ??_C@_03DICE@CRT?$AA@      10031bf8     LIBCMTD:dbgheap.obj
 0002:00000bfc       ??_C@_06BILL@Normal?$AA@   10031bfc     LIBCMTD:dbgheap.obj
 0002:00000c04       ??_C@_04NEN@Free?$AA@      10031c04     LIBCMTD:dbgheap.obj
 0002:00000c0c       ??_C@_0DC@CGID@Error?3?5memory?5allocation?3?5bad?5me@ 10031c0c     LIBCMTD:dbgheap.obj
 0002:00000c40       ??_C@_0CE@FMIA@Invalid?5allocation?5size?3?5?$CFu?5byte@ 10031c40     LIBCMTD:dbgheap.obj
 0002:00000c64       ??_C@_02DILL@?$CFs?$AA@    10031c64     LIBCMTD:dbgheap.obj
 0002:00000c68       ??_C@_0CB@CPBI@Client?5hook?5allocation?5failure?4?6@ 10031c68     LIBCMTD:dbgheap.obj
 0002:00000c8c       ??_C@_0DF@DKHF@Client?5hook?5allocation?5failure?5a@ 10031c8c     LIBCMTD:dbgheap.obj
 0002:00000cc4       ??_C@_09IMJC@dbgheap?4c?$AA@ 10031cc4     LIBCMTD:dbgheap.obj
 0002:00000cd0       ??_C@_0BC@EPKL@_CrtCheckMemory?$CI?$CJ?$AA@ 10031cd0     LIBCMTD:dbgheap.obj
 0002:00000ce4       ??_C@_0BK@JDHA@_pFirstBlock?5?$DN?$DN?5pOldBlock?$AA@ 10031ce4     LIBCMTD:dbgheap.obj
 0002:00000d00       ??_C@_0BJ@NMEF@_pLastBlock?5?$DN?$DN?5pOldBlock?$AA@ 10031d00     LIBCMTD:dbgheap.obj
 0002:00000d1c       ??_C@_0DC@BOCN@fRealloc?5?$HM?$HM?5?$CI?$CBfRealloc?5?$CG?$CG?5pNewBl@ 10031d1c     LIBCMTD:dbgheap.obj
 0002:00000d50       ??_C@_0DK@DKOM@_BLOCK_TYPE?$CIpOldBlock?9?$DOnBlockUse@ 10031d50     LIBCMTD:dbgheap.obj
 0002:00000d8c       ??_C@_0EF@EDKM@pOldBlock?9?$DOnLine?5?$DN?$DN?5IGNORE_LINE?5@ 10031d8c     LIBCMTD:dbgheap.obj
 0002:00000dd4       ??_C@_0CC@GPMO@_CrtIsValidHeapPointer?$CIpUserData@ 10031dd4     LIBCMTD:dbgheap.obj
 0002:00000df8       ??_C@_0CN@FHGE@Allocation?5too?5large?5or?5negative@ 10031df8     LIBCMTD:dbgheap.obj
 0002:00000e28       ??_C@_0CE@EAMN@Client?5hook?5re?9allocation?5failur@ 10031e28     LIBCMTD:dbgheap.obj
 0002:00000e4c       ??_C@_0DI@KKMM@Client?5hook?5re?9allocation?5failur@ 10031e4c     LIBCMTD:dbgheap.obj
 0002:00000e84       ??_C@_0BG@JCEC@_pFirstBlock?5?$DN?$DN?5pHead?$AA@ 10031e84     LIBCMTD:dbgheap.obj
 0002:00000e9c       ??_C@_0BF@NLNN@_pLastBlock?5?$DN?$DN?5pHead?$AA@ 10031e9c     LIBCMTD:dbgheap.obj
 0002:00000eb4       ??_C@_0BO@PLHH@pHead?9?$DOnBlockUse?5?$DN?$DN?5nBlockUse?$AA@ 10031eb4     LIBCMTD:dbgheap.obj
 0002:00000ed4       ??_C@_0DN@KKIO@pHead?9?$DOnLine?5?$DN?$DN?5IGNORE_LINE?5?$CG?$CG?5p@ 10031ed4     LIBCMTD:dbgheap.obj
 0002:00000f14       ??_C@_0CK@OJNB@DAMAGE?3?5after?5?$CFhs?5block?5?$CI?$CD?$CFd?$CJ?5at@ 10031f14     LIBCMTD:dbgheap.obj
 0002:00000f40       ??_C@_0CL@IJIL@DAMAGE?3?5before?5?$CFhs?5block?5?$CI?$CD?$CFd?$CJ?5a@ 10031f40     LIBCMTD:dbgheap.obj
 0002:00000f6c       ??_C@_0BL@MBNA@Client?5hook?5free?5failure?4?6?$AA@ 10031f6c     LIBCMTD:dbgheap.obj
 0002:00000f88       ??_C@_0DK@EKKL@memory?5check?5error?5at?50x?$CF08X?5?$DN?50@ 10031f88     LIBCMTD:dbgheap.obj
 0002:00000fc4       ??_C@_0CJ@GCII@?$CFhs?5located?5at?50x?$CF08X?5is?5?$CFu?5byte@ 10031fc4     LIBCMTD:dbgheap.obj
 0002:00000ff0       ??_C@_0CA@EJPI@?$CFhs?5allocated?5at?5file?5?$CFhs?$CI?$CFd?$CJ?4?6?$AA@ 10031ff0     LIBCMTD:dbgheap.obj
 0002:00001010       ??_C@_0CJ@LHHG@DAMAGE?3?5on?5top?5of?5Free?5block?5at?5@ 10032010     LIBCMTD:dbgheap.obj
 0002:0000103c       ??_C@_07GJHM@DAMAGED?$AA@  1003203c     LIBCMTD:dbgheap.obj
 0002:00001044       ??_C@_0CL@ODIE@_heapchk?5fails?5with?5unknown?5retu@ 10032044     LIBCMTD:dbgheap.obj
 0002:00001070       ??_C@_0CC@EHNC@_heapchk?5fails?5with?5_HEAPBADPTR?4@ 10032070     LIBCMTD:dbgheap.obj
 0002:00001094       ??_C@_0CC@JNDP@_heapchk?5fails?5with?5_HEAPBADEND?4@ 10032094     LIBCMTD:dbgheap.obj
 0002:000010b8       ??_C@_0CD@DNMG@_heapchk?5fails?5with?5_HEAPBADNODE@ 100320b8     LIBCMTD:dbgheap.obj
 0002:000010dc       ??_C@_0CE@JMCB@_heapchk?5fails?5with?5_HEAPBADBEGI@ 100320dc     LIBCMTD:dbgheap.obj
 0002:00001100       ??_C@_0CD@MEMI@Bad?5memory?5block?5found?5at?50x?$CF08X@ 10032100     LIBCMTD:dbgheap.obj
 0002:00001124       ??_C@_0CI@GMAO@_CrtMemCheckPoint?3?5NULL?5state?5po@ 10032124     LIBCMTD:dbgheap.obj
 0002:0000114c       ??_C@_0CI@MNAE@_CrtMemDifference?3?5NULL?5state?5po@ 1003214c     LIBCMTD:dbgheap.obj
 0002:00001174       ??_C@_0BH@PKIJ@Object?5dump?5complete?4?6?$AA@ 10032174     LIBCMTD:dbgheap.obj
 0002:0000118c       ??_C@_0DB@DBPF@crt?5block?5at?50x?$CF08X?0?5subtype?5?$CFx?0@ 1003218c     LIBCMTD:dbgheap.obj
 0002:000011c0       ??_C@_0CI@JLM@normal?5block?5at?50x?$CF08X?0?5?$CFu?5bytes@ 100321c0     LIBCMTD:dbgheap.obj
 0002:000011e8       ??_C@_0DE@PFEA@client?5block?5at?50x?$CF08X?0?5subtype?5@ 100321e8     LIBCMTD:dbgheap.obj
 0002:0000121c       ??_C@_06MBCE@?$HL?$CFld?$HN?5?$AA@ 1003221c     LIBCMTD:dbgheap.obj
 0002:00001224       ??_C@_0L@BLDJ@?$CFhs?$CI?$CFd?$CJ?5?3?5?$AA@ 10032224     LIBCMTD:dbgheap.obj
 0002:00001230       ??_C@_0BE@FEMA@?$CDFile?5Error?$CD?$CI?$CFd?$CJ?5?3?5?$AA@ 10032230     LIBCMTD:dbgheap.obj
 0002:00001244       ??_C@_0BE@FPPM@Dumping?5objects?5?9?$DO?6?$AA@ 10032244     LIBCMTD:dbgheap.obj
 0002:00001258       ??_C@_0BA@POLM@?5Data?3?5?$DM?$CFs?$DO?5?$CFs?6?$AA@ 10032258     LIBCMTD:dbgheap.obj
 0002:00001268       ??_C@_05JLAO@?$CF?42X?5?$AA@ 10032268     LIBCMTD:dbgheap.obj
 0002:00001270       ??_C@_0BI@KONA@Detected?5memory?5leaks?$CB?6?$AA@ 10032270     LIBCMTD:dbgheap.obj
 0002:00001288       ??_C@_0BP@LCCN@Total?5allocations?3?5?$CFld?5bytes?4?6?$AA@ 10032288     LIBCMTD:dbgheap.obj
 0002:000012a8       ??_C@_0CB@COID@Largest?5number?5used?3?5?$CFld?5bytes?4?6@ 100322a8     LIBCMTD:dbgheap.obj
 0002:000012cc       ??_C@_0BO@MEJD@?$CFld?5bytes?5in?5?$CFld?5?$CFhs?5Blocks?4?6?$AA@ 100322cc     LIBCMTD:dbgheap.obj
 0002:000012ec       ??_C@_0BK@JEGK@IsProcessorFeaturePresent?$AA@ 100322ec     LIBCMTD:testfdiv.obj
 0002:00001308       ??_C@_08OBID@KERNEL32?$AA@ 10032308     LIBCMTD:testfdiv.obj
 0002:00001314       ??_C@_05OFLO@e?$CL000?$AA@ 10032314     LIBCMTD:cvt.obj
 0002:00001328       __DEFAULT_CW_in_mem        10032328     LIBCMTD:common.obj
 0002:0000132a       __pi_by_2_to_61            1003232a     LIBCMTD:common.obj
 0002:00001364       ??_C@_03GAFO@_yn?$AA@      10032364     LIBCMTD:fpexcept.obj
 0002:00001368       ??_C@_03GNLD@_y1?$AA@      10032368     LIBCMTD:fpexcept.obj
 0002:0000136c       ??_C@_03MHCE@_y0?$AA@      1003236c     LIBCMTD:fpexcept.obj
 0002:00001370       ??_C@_05PAK@frexp?$AA@     10032370     LIBCMTD:fpexcept.obj
 0002:00001378       ??_C@_04JKCH@fmod?$AA@     10032378     LIBCMTD:fpexcept.obj
 0002:00001380       ??_C@_06GGHF@_hypot?$AA@   10032380     LIBCMTD:fpexcept.obj
 0002:00001388       ??_C@_05JNMC@_cabs?$AA@    10032388     LIBCMTD:fpexcept.obj
 0002:00001390       ??_C@_05MEKH@ldexp?$AA@    10032390     LIBCMTD:fpexcept.obj
 0002:00001398       ??_C@_04KAOJ@modf?$AA@     10032398     LIBCMTD:fpexcept.obj
 0002:000013a0       ??_C@_04EHAJ@fabs?$AA@     100323a0     LIBCMTD:fpexcept.obj
 0002:000013a8       ??_C@_05MFBN@floor?$AA@    100323a8     LIBCMTD:fpexcept.obj
 0002:000013b0       ??_C@_04JJMP@ceil?$AA@     100323b0     LIBCMTD:fpexcept.obj
 0002:000013b8       ??_C@_03JLPI@tan?$AA@      100323b8     LIBCMTD:fpexcept.obj
 0002:000013bc       ??_C@_03DLFL@cos?$AA@      100323bc     LIBCMTD:fpexcept.obj
 0002:000013c0       ??_C@_03JAMN@sin?$AA@      100323c0     LIBCMTD:fpexcept.obj
 0002:000013c4       ??_C@_04LMBE@sqrt?$AA@     100323c4     LIBCMTD:fpexcept.obj
 0002:000013cc       ??_C@_05BFPO@atan2?$AA@    100323cc     LIBCMTD:fpexcept.obj
 0002:000013d4       ??_C@_04EAGN@atan?$AA@     100323d4     LIBCMTD:fpexcept.obj
 0002:000013dc       ??_C@_04OAMO@acos?$AA@     100323dc     LIBCMTD:fpexcept.obj
 0002:000013e4       ??_C@_04ELFI@asin?$AA@     100323e4     LIBCMTD:fpexcept.obj
 0002:000013ec       ??_C@_04LFAD@tanh?$AA@     100323ec     LIBCMTD:fpexcept.obj
 0002:000013f4       ??_C@_04PFKD@cosh?$AA@     100323f4     LIBCMTD:fpexcept.obj
 0002:000013fc       ??_C@_04NPAI@sinh?$AA@     100323fc     LIBCMTD:fpexcept.obj
 0002:00001404       ??_C@_05IJHH@log10?$AA@    10032404     LIBCMTD:fpexcept.obj
 0002:0000140c       ??_C@_03BGKD@log?$AA@      1003240c     LIBCMTD:fpexcept.obj
 0002:00001410       ??_C@_03EGFG@pow?$AA@      10032410     LIBCMTD:fpexcept.obj
 0002:00001414       ??_C@_03CDGJ@exp?$AA@      10032414     LIBCMTD:fpexcept.obj
 0002:00001418       ??_C@_07INLA@_open?4c?$AA@ 10032418     LIBCMTD:_open.obj
 0002:00001420       ??_C@_0BB@COCE@filename?5?$CB?$DN?5NULL?$AA@ 10032420     LIBCMTD:_open.obj
 0002:00001434       ??_C@_08HJEP@stream?4c?$AA@ 10032434     LIBCMTD:stream.obj
 0002:00001440       ??_C@_09JNND@_sftbuf?4c?$AA@ 10032440     LIBCMTD:_sftbuf.obj
 0002:0000144c       ??_C@_0BH@EOPG@flag?5?$DN?$DN?50?5?$HM?$HM?5flag?5?$DN?$DN?51?$AA@ 1003244c     LIBCMTD:_sftbuf.obj
 0002:00001464       ___lookuptable             10032464     LIBCMTD:output.obj
 0002:000014c0       ??_C@_1O@POHA@?$AA?$CI?$AAn?$AAu?$AAl?$AAl?$AA?$CJ?$AA?$AA@ 100324c0     LIBCMTD:output.obj
 0002:000014d0       ??_C@_06ONKE@?$CInull?$CJ?$AA@ 100324d0     LIBCMTD:output.obj
 0002:000014d8       ??_C@_08MIHI@output?4c?$AA@ 100324d8     LIBCMTD:output.obj
 0002:000014e4       ??_C@_0P@PIHB@ch?5?$CB?$DN?5_T?$CI?8?20?8?$CJ?$AA@ 100324e4     LIBCMTD:output.obj
 0002:00001528       ??_C@_07IEFA@input?4c?$AA@ 10032528     LIBCMTD:input.obj
[...]
 0001:0001dd5a       align_dest                 1001ed5a f   LIBCMTD:strncpy.obj
 0001:0001dd62       dest_align_loop            1001ed62 f   LIBCMTD:strncpy.obj
 0001:0001dd74       dest_align_loop_end        1001ed74 f   LIBCMTD:strncpy.obj
 0001:0001dd7b       finish_loop                1001ed7b f   LIBCMTD:strncpy.obj
 0001:0001dd7e       fill_tail_zero_bytes       1001ed7e f   LIBCMTD:strncpy.obj
 0001:0001dd83       finish                     1001ed83 f   LIBCMTD:strncpy.obj
 0001:0001dd89       main_loop                  1001ed89 f   LIBCMTD:strncpy.obj
 0001:0001dd91       main_loop_entrance         1001ed91 f   LIBCMTD:strncpy.obj
 0001:0001ddc7       byte_2                     1001edc7 f   LIBCMTD:strncpy.obj
 0001:0001ddd1       byte_1                     1001edd1 f   LIBCMTD:strncpy.obj
 0001:0001dddb       byte_0                     1001eddb f   LIBCMTD:strncpy.obj
 0001:0001dddf       fill_with_EOS_dwords       1001eddf f   LIBCMTD:strncpy.obj
 0001:0001dde7       fill_dwords_with_EOS       1001ede7 f   LIBCMTD:strncpy.obj
 0001:0001dde9       fill_with_EOS_loop         1001ede9 f   LIBCMTD:strncpy.obj
 0001:0001ddf1       fill_tail                  1001edf1 f   LIBCMTD:strncpy.obj
 0001:0001ddf6       fill_tail_end              1001edf6 f   LIBCMTD:strncpy.obj
 0001:0001d8e0       _ctrlevent_capture@4       1001e8e0 f   LIBCMTD:winsig.obj
 0001:0001dbc0       _siglookup                 1001ebc0 f   LIBCMTD:winsig.obj
 0001:0001d680       _$$$00001                  1001e680 f   LIBCMTD:chkstk.obj
 0001:0001d68c       probepages                 1001e68c f   LIBCMTD:chkstk.obj
 0001:0001d6a0       lastpage                   1001e6a0 f   LIBCMTD:chkstk.obj
 0001:0001d40c       str_misaligned             1001e40c f   LIBCMTD:strlen.obj
 0001:0001d420       main_loop                  1001e420 f   LIBCMTD:strlen.obj
 0001:0001d453       byte_3                     1001e453 f   LIBCMTD:strlen.obj
 0001:0001d45d       byte_2                     1001e45d f   LIBCMTD:strlen.obj
 0001:0001d467       byte_1                     1001e467 f   LIBCMTD:strlen.obj
 0001:0001d471       byte_0                     1001e471 f   LIBCMTD:strlen.obj
 0001:0001d160       _xtoa                      1001e160 f   LIBCMTD:xtoa.obj
 0001:0001d2e0       _x64toa@20                 1001e2e0 f   LIBCMTD:xtoa.obj
 0001:0001c2a0       ?FindHandler@@YAXPAUEHExceptionRecord@@PAUEHRegistrationNode@@PAU_CONTEXT@@PAXPBU_s_FuncInfo@@EH1@Z 1001d2a0 f   LIBCMTD:frame.obj
 0001:0001c540       ?FindHandlerForForeignException@@YAXPAUEHExceptionRecord@@PAUEHRegistrationNode@@PAU_CONTEXT@@PAXPBU_s_FuncInfo@@HH1@Z 1001d540 f   LIBCMTD:frame.obj
 0001:0001c660       ?TypeMatch@@YAHPBU_s_HandlerType@@PBU_s_CatchableType@@PBU_s_ThrowInfo@@@Z 1001d660 f   LIBCMTD:frame.obj
 0001:0001c820       ?FrameUnwindFilter@@YAHPAU_EXCEPTION_POINTERS@@@Z 1001d820 f   LIBCMTD:frame.obj
 0001:0001c850       ?CatchIt@@YAXPAUEHExceptionRecord@@PAUEHRegistrationNode@@PAU_CONTEXT@@PAXPBU_s_FuncInfo@@PBU_s_HandlerType@@PBU_s_CatchableType@@PBU_s_TryBlockMapEntry@@H1E@Z 1001d850 f   LIBCMTD:frame.obj
 0001:0001c910       ?CallCatchBlock@@YAPAXPAUEHExceptionRecord@@PAUEHRegistrationNode@@PAU_CONTEXT@@PBU_s_FuncInfo@@PAXHK@Z 1001d910 f   LIBCMTD:frame.obj
 0001:0001ca60       ?ExFilterRethrow@@YAHPAU_EXCEPTION_POINTERS@@@Z 1001da60 f   LIBCMTD:frame.obj
 0001:0001cab0       ?BuildCatchObject@@YAXPAUEHExceptionRecord@@PAUEHRegistrationNode@@PBU_s_HandlerType@@PBU_s_CatchableType@@@Z 1001dab0 f   LIBCMTD:frame.obj
 0001:0001cdc0       ?AdjustPointer@@YAPAXPAXABUPMD@@@Z 1001ddc0 f   LIBCMTD:frame.obj
 0001:0001bdf0       _flsall                    1001cdf0 f   LIBCMTD:fflush.obj
 0001:0001b990       __hextodec                 1001c990 f   LIBCMTD:input.obj
 0001:0001b9f0       __inc                      1001c9f0 f   LIBCMTD:input.obj
 0001:0001ba50       __un_inc                   1001ca50 f   LIBCMTD:input.obj
 0001:0001ba70       __whiteout                 1001ca70 f   LIBCMTD:input.obj
 0001:0001a2c0       _doexit                    1001b2c0 f   LIBCMTD:crt0dat.obj
 0001:0001a3d0       __initterm                 1001b3d0 f   LIBCMTD:crt0dat.obj
 0001:00019fb0       _write_char                1001afb0 f   LIBCMTD:output.obj
 0001:0001a030       _write_multi_char          1001b030 f   LIBCMTD:output.obj
 0001:0001a070       _write_string              1001b070 f   LIBCMTD:output.obj
 0001:0001a0c0       _get_int_arg               1001b0c0 f   LIBCMTD:output.obj
 0001:0001a0e0       _get_int64_arg             1001b0e0 f   LIBCMTD:output.obj
 0001:0001a100       _get_short_arg             1001b100 f   LIBCMTD:output.obj
 0001:00018700       __get_fname                10019700 f   LIBCMTD:fpexcept.obj
 0001:00017681       fFEXP                      10018681 f   LIBCMTD:87tran.obj
 0001:000177c1       _rtforexpinf               100187c1 f   LIBCMTD:87tran.obj
 0001:00016e10       __cftoe2                   10017e10 f   LIBCMTD:cvt.obj
 0001:00016ff0       __cftof2                   10017ff0 f   LIBCMTD:cvt.obj
 0001:00017280       __shift                    10018280 f   LIBCMTD:cvt.obj
 0001:00015010       _realloc_help              10016010 f   LIBCMTD:dbgheap.obj
 0001:00015c50       _CheckBytes                10016c50 f   LIBCMTD:dbgheap.obj
 0001:00016840       __printMemBlockData        10017840 f   LIBCMTD:dbgheap.obj
 0001:000141a0       _CrtMessageWindow          100151a0 f   LIBCMTD:dbgrpt.obj
 0001:00013a30       LeadUp1                    10014a30 f   LIBCMTD:memcpy.obj
 0001:00013a5c       LeadUp2                    10014a5c f   LIBCMTD:memcpy.obj
 0001:00013a80       LeadUp3                    10014a80 f   LIBCMTD:memcpy.obj
 0001:00013aff       UnwindUp0                  10014aff f   LIBCMTD:memcpy.obj
 0001:00013aec       UnwindUp1                  10014aec f   LIBCMTD:memcpy.obj
 0001:00013ae4       UnwindUp2                  10014ae4 f   LIBCMTD:memcpy.obj
 0001:00013adc       UnwindUp3                  10014adc f   LIBCMTD:memcpy.obj
 0001:00013ad4       UnwindUp4                  10014ad4 f   LIBCMTD:memcpy.obj
 0001:00013acc       UnwindUp5                  10014acc f   LIBCMTD:memcpy.obj
 0001:00013ac4       UnwindUp6                  10014ac4 f   LIBCMTD:memcpy.obj
 0001:00013abc       UnwindUp7                  10014abc f   LIBCMTD:memcpy.obj
 0001:00013b18       TrailUp0                   10014b18 f   LIBCMTD:memcpy.obj
 0001:00013b20       TrailUp1                   10014b20 f   LIBCMTD:memcpy.obj
 0001:00013b2c       TrailUp2                   10014b2c f   LIBCMTD:memcpy.obj
 0001:00013b40       TrailUp3                   10014b40 f   LIBCMTD:memcpy.obj
 0001:00013bb8       LeadDown1                  10014bb8 f   LIBCMTD:memcpy.obj
 0001:00013bd8       LeadDown2                  10014bd8 f   LIBCMTD:memcpy.obj
 0001:00013c00       LeadDown3                  10014c00 f   LIBCMTD:memcpy.obj
 0001:00013c54       UnwindDown7                10014c54 f   LIBCMTD:memcpy.obj
 0001:00013c5c       UnwindDown6                10014c5c f   LIBCMTD:memcpy.obj
 0001:00013c64       UnwindDown5                10014c64 f   LIBCMTD:memcpy.obj
 0001:00013c6c       UnwindDown4                10014c6c f   LIBCMTD:memcpy.obj
 0001:00013c74       UnwindDown3                10014c74 f   LIBCMTD:memcpy.obj
 0001:00013c7c       UnwindDown2                10014c7c f   LIBCMTD:memcpy.obj
 0001:00013c84       UnwindDown1                10014c84 f   LIBCMTD:memcpy.obj
 0001:00013c97       UnwindDown0                10014c97 f   LIBCMTD:memcpy.obj
 0001:00013cb0       TrailDown0                 10014cb0 f   LIBCMTD:memcpy.obj
 0001:00013cb8       TrailDown1                 10014cb8 f   LIBCMTD:memcpy.obj
 0001:00013cc8       TrailDown2                 10014cc8 f   LIBCMTD:memcpy.obj
 0001:00013cdc       TrailDown3                 10014cdc f   LIBCMTD:memcpy.obj
 0001:000139e0       CopyUp                     100149e0 f   LIBCMTD:memcpy.obj
 0001:000139fc       CopyLeadUp                 100149fc f   LIBCMTD:memcpy.obj
 0001:00013a14       ByteCopyUp                 10014a14 f   LIBCMTD:memcpy.obj
 0001:00013a1c       CopyUnwindUp               10014a1c f   LIBCMTD:memcpy.obj
 0001:00013b58       CopyDown                   10014b58 f   LIBCMTD:memcpy.obj
 0001:00013b80       CopyUnwindDown             10014b80 f   LIBCMTD:memcpy.obj
 0001:00013b8c       CopyLeadDown               10014b8c f   LIBCMTD:memcpy.obj
 0001:00013ba4       ByteCopyDown               10014ba4 f   LIBCMTD:memcpy.obj
 0001:00013940       dodwords                   10014940 f   LIBCMTD:strcmp.obj
 0001:00013970       doneeq                     10014970 f   LIBCMTD:strcmp.obj
 0001:00013974       donene                     10014974 f   LIBCMTD:strcmp.obj
 0001:0001397c       dopartial                  1001497c f   LIBCMTD:strcmp.obj
 0001:00013998       doword                     10014998 f   LIBCMTD:strcmp.obj
 0001:0001385d       dest_misaligned            1001485d f   LIBCMTD:strcat.obj
 0001:0001386c       find_end_of_dest_string_loop 1001486c f   LIBCMTD:strcat.obj
 0001:0001389f       start_byte_3               1001489f f   LIBCMTD:strcat.obj
 0001:000138a4       start_byte_2               100148a4 f   LIBCMTD:strcat.obj
 0001:000138a9       start_byte_1               100148a9 f   LIBCMTD:strcat.obj
 0001:000138ae       start_byte_0               100148ae f   LIBCMTD:strcat.obj
 0001:000138bd       src_misaligned             100148bd f   LIBCMTD:strcat.obj
 0001:000138d1       main_loop                  100148d1 f   LIBCMTD:strcat.obj
 0001:000138d6       main_loop_entrance         100148d6 f   LIBCMTD:strcat.obj
 0001:0001390a       byte_3                     1001490a f   LIBCMTD:strcat.obj
 0001:00013912       byte_2                     10014912 f   LIBCMTD:strcat.obj
 0001:0001391f       byte_1                     1001491f f   LIBCMTD:strcat.obj
 0001:00013928       byte_0                     10014928 f   LIBCMTD:strcat.obj
 0001:000138b1       copy_start                 100148b1 f   LIBCMTD:strcat.obj
 0001:00013768       _gu_return                 10014768 f   LIBCMTD:exsup.obj
 0001:00013770       __unwind_handler           10014770 f   LIBCMTD:exsup.obj
 0001:00013520       ?CatchGuardHandler@@YA?AW4_EXCEPTION_DISPOSITION@@PAUEHExceptionRecord@@PAUCatchGuardRN@@PAX2@Z 10014520 f   LIBCMTD:trnsctrl.obj
 0001:00013630       ?TranslatorGuardHandler@@YA?AW4_EXCEPTION_DISPOSITION@@PAUEHExceptionRecord@@PAUTranslatorGuardRN@@PAX2@Z 10014630 f   LIBCMTD:trnsctrl.obj
 0001:00012f00       ?ArrayUnwindFilter@@YAHPAU_EXCEPTION_POINTERS@@@Z 10013f00 f   LIBCMTD:ehvecdtr.obj

FIXUPS: 133b9 a ffffff4f 4f5 29 25 fffffd19 14 1b 25 14 10 d 10 b 3d 3b
FIXUPS: 1369a 60 7 14 7 fffffd7b 12 18 16 10 1c 31 10 fffffea3 5 a ffffff4f
FIXUPS: 1339a 7c3 24 10 2a 2a 10 fffffe92 12 2a 10 1b 2a 10 fffffeae 2a
FIXUPS: 13a1e c 17 13 c fffffe50 2e 2a 2e 14 22 f 23 fffffde3 2b 28 16
FIXUPS: 14204 f f 27 fffffe5d 2a 18 14 f fffffe38 18 a 16 13 28 30 30 fffffe46
FIXUPS: 13edb 47 fffffd83 d 2d 12 11 46 20 2d 18 fffffedb fffffeaf 12 16ba
FIXUPS: 15218 11 1d 21 14 26 19d 18 19 19 a fffff2d2 fffffca4 60 33 63
FIXUPS: 1454d 9e 93 19 4d 4a fffffb6e 2a 45 4b fffffdef 31 c f 4c 16a1
FIXUPS: 1589c 1e 1d 68 9 fffffba9 35 18 a6 10 31 2c 44 2c fffff758 10b
FIXUPS: 14f4e 18 38 16 2b 14 2e 18 18 7a 63 34 47 1e d 2631 1a 88 69 2a
FIXUPS: 1796e 39 16 7c 2a 28 ffffdf75 60 13 a 34 a fffffc40 5e 9 17 a 5
FIXUPS: 1578d 5 3d 7 f 5 5 5 15 1767 20 49 33 22 67 47 7e 17 1c 4c 15 4d
FIXUPS: 17295 11 5c 1b ec 33 49 10e 1a a1 20 31 28 4f 3a 31 18 45 18 fffff0ba
FIXUPS: 1691b 56 36 c 2b 1c 2c 1c 16 c 1f 62 51 1f 45 c 5a 1f 93 57 8 51
FIXUPS: 16d8d 28 28 28 16 94 2b 32 2b fffff2a3 5b 66 25 25 b3 19 59 5f
FIXUPS: 164bd 85 15 1e d 18 20 1c 10 a 24 1c 50 1d 1f 62 34 3b 2b 3b 45
FIXUPS: 16863 c fffff2eb 28 15 18 d 1d 25 2f 1c 69 28 5f 54 21 128 1e 1b
FIXUPS: 15f42 2f 51 15 1e d 35 21 1b 1c 6b 28 32 4f 18 23ef 5e 7 fffffead
FIXUPS: 17b8e 28 19f 20 3a 2f 1a 48 60 ff 27 16 94 35 68 12 34 33 48 3c
FIXUPS: 18240 1c 1a 18 17 fffff8c5 ffffff54 ffffe076 327b 11 182 1d8 1ac
FIXUPS: 192f1 33 1b6 f4 27 36 44 c 10 16 c 32 d fffff34b c8 1d 27 fffffb6d
FIXUPS: 186c2 1d 5 55 3c 7 2f b2 15 184f 7e c8 33 fffffcd6 60 31 2a a7
FIXUPS: 19ba6 2a 2a 227 fffffa39 1c3 17 fffff167 a 14 52 a 14 2a 2c c 3a
FIXUPS: 18cd3 11 2f 44 c 3e 2450 fffff185 34 24 cb 67 133 18 21 34 30 a8
FIXUPS: 1a85a 142 ba 31 1e 2a 1b 11d 25 122 1e 30 75 32 22 26 170 55 53
FIXUPS: 1a0a0 29e6 f ffffeaba c 19 a c fffffea4 12 2f 25 b 8 74 fffffd02
FIXUPS: 1b22f 1d 20 1e 20 1b 77 12 13 19 b 31 10 fffffdb9 d 11 2f dfd 4d
FIXUPS: 1c039 10 70 24 5a 46 2f c1 24 e5 39 76 4a 3d 76 6c 62 20 77 27
FIXUPS: 1c71e 46 31 35 44 35 1c 147 8a 32 9f c f 1e 1b c 10 29 2d ffffea0f
FIXUPS: 1b603 47 4a 9 19 a4 1aa 1d 118 1de 32 97 1f 58 a8 28 33 43 64 46
FIXUPS: 1bf88 12 1d35 15 14 7 17 6b 20 fffff1af 108 10 3e 54 4d 28 fffffb1e
FIXUPS: 1cc9b c f 22 28 78 6e 21 68 33 40 25 f fffffce7 3a fffffeab b dc2
FIXUPS: 1d8e6 19 4e b b b 2d 18 20 24 b 37 a e5 12 24 f 1f 12 1e 26 f 1c
FIXUPS: 1dc1f 21 d a 13 16 13 28 414 fffffd60 22 fffff37a 32 92 3f 41 10
FIXUPS: 1d32a 15 15 31 51 ba 3c 27 37 a 13 27 25 b2 63 ce 36 12 38 4c 31
FIXUPS: 1d889 f 138c 10 fffff972 2a 44 4b fffffe4d 2a 44 4b fffffbc9 18
FIXUPS: 1e261 21 4b 5d 17 b5 fffffa6f 2a 2e 37 81 2a 21 62 1a 1a 1a 1a
FIXUPS: 1e0a4 1d 12cb 17 12 1c fffffe0f 5c 41 1f fffffb7c 13 e8 29a fffff53a
FIXUPS: 1e72a 9 82 24 27 2a 17 58 50 44 1d 16 c4 13 28 16 1d a 96 14bc
FIXUPS: 1fffb fffffe8c 1b fffffda2 1c 77 3a 59 15 17 1d 14 13 14 1a 19
FIXUPS: 1fb5d fffffea7 4a 94 2b fffff903 56 1e 13 22 fffffe07 36 28 1f
FIXUPS: 1f366 16ec 191 19 de0 ffffe922 8 12 27 b 2a fffffd9d 17 22 c 2c
FIXUPS: 2019a 3f 10 70 10 a c 53 fffffd94 c 2f 14 f fffffe9a 2b 29 30 2be7
FIXUPS: 22bdc 2a 3a 10 13 16 26 1e 41 93 20 68 82 10 30 10 30 10 fffff6ae
FIXUPS: 225f5 13 6d a7 fffff9d5 21 21 24 2a 19 c ffffff13 255d 16 22 23
FIXUPS: 2471d 4e 23 125 1c 2b 37 1d 2b 13 b7 ffffebce 72 13 24 17 fffffea5
FIXUPS: 2304f 28 29 ffffff78 17 fffff815 41 8c 14 26f 19 230b b 43 c 34
FIXUPS: 24f52 38 65 11 11 c 23 1d 11 c 18 15 c 5d fffff9f5 31 21 1f d 21
FIXUPS: 24bb4 fffff96c 21 2b 28 1e 2c 10c6 43 4d 40 43 50 50 4d 65 60 fffffa9f
FIXUPS: 2542c 13 4a de 3e fffffe21 a a fffffdfe 21 13 50 5e fffff94a b6
FIXUPS: 24cc5 5e b a9 b c8 ed7 82 2f 83 7d 11 b8 b d6 b 65 b 7c 30 e b
FIXUPS: 26234 32 45 2f fffff904 18 10 f 39 5f fffffd43 82 2a fffffb3b 4d
FIXUPS: 25664 1e2b fffff5f8 13 fffffee0 14 ffffff10 37 fffffe8d b 14 14
FIXUPS: 267a4 27 11 4c fffffc2a b 14 14 f 6d 1a2 b 10 3e b fffffc6b 17
FIXUPS: 263b7 2d a 16 1a70 67 27 40 2a 45 2e 33 4a 25 2b fffff51b 1d fffff6c5
FIXUPS: 26cb5 18 15 5 7 114 43 7 10a 4a 7 15 5 7 e 267 35 35 61f 5a 38
FIXUPS: 2799f 17 31 11 1a 22 10 43 26 c 47 1b 40 50 31 4c 4e 1a 25 2a 9b
FIXUPS: 27d93 1b 26 2e 1b 14 19 19 182b fffff35c 14d eb 1c8 8c 152 6d 238
FIXUPS: 29280 fffff1f7 21 35 35 13a c 10 c 27 6c fffffa5e 98 f6 fffff3ac
FIXUPS: 276d2 8c 48 51 19 2f 2d 39 241f c 25 13 14 fffffab5 2b 28 2c 3a
FIXUPS: 298b0 1c 5e 25 28 31 43 28 31 16 14 fffff964 43 33 24 bd 2d 9b
FIXUPS: 29623 43 c 10 1460 14 14 14 14 14 14 14 14 fffff1e0 b 14 14 f 137
FIXUPS: 29ee6 23 2c5 fffff8e4 14 10 f 24 37 1c 1f 49 11 71 17 a 40 c13
FIXUPS: 2a8cb 11 11 10 11 11 11 11 11 11 11 11 11 11 11 11 11 11 11 11
FIXUPS: 2aa1e 11 11 11 11 11 11 11 11 14 14 fffff9f4 1f 1f 1f 1f 1f 1f
FIXUPS: 2a59b 1f 1f 1f 1f 1f 1f 1f 1f 1f 1f 1f 22 22 22 22 22 22 22 22
FIXUPS: 2a822 22 25 2f 11 3a3 46 13 14 5b 11 10 34 30 16 3b fffff448 1f
FIXUPS: 2a261 e 1e 11 25 11 5e 1f 1f 1f 1f 1f 1c 1f 1f 1f 1f 1f 1f ad6
FIXUPS: 2afc8 11 4d 1f 1f 1f 1f 17 17 1f 1f 1f 1f 1f 1f 1f 1f 1f bd 11
FIXUPS: 2b2c6 11 11 11 11 fffff8b9 1d 1d 17 16 11 13d0 52 10 93 3d 33 a3
FIXUPS: 2c22d 11 198 ffffef8a 1f 19 19 19 108 65 a6 22 17 e 15 e e e 2b
FIXUPS: 2b69f fffff840 1f 10 e 4c 861 34 35 3e 7 1c 7 1f c7 51 5a 1d 39
FIXUPS: 2baeb 55 5a 62 28 2b 83 59 16 74 12 54 2f 51 55 1b 52 12 4b 1532
FIXUPS: 2d514 45 2d 2d 28 28 1c 29 41 84 3a 24 31 36 50 a 21 154 31c 20
FIXUPS: 2decd ffffeba5 14 10 f c6 fffffc1d 70 4f 1df ffffed7a 1754 1c 1b
FIXUPS: 2cf61 3a 9 2e 9 48 9 2e 9 2e 9 2c 9 2c 9 2c 9 3d 54 84 8d 7e 23
FIXUPS: 2d39f 23 3a 51 24 51 1029 fffffb61 33 2c 32 20 2e 14 1b 43 6f ffffe9bd
FIXUPS: 2cbde 1b 50 9 2e 9 71 15 1b 51 9 2e 9 6e 15 37 15 1e 14 1c 1cea
FIXUPS: 2ebd7 3b 5b 52 6c 2c c d b0 53 66 53 25 23 fffff796 85 69 33 8c
FIXUPS: 2e8eb fffffd86 25 a 31 fffffeb0 24 a 23 fffffdca 1b 76 1491 d9
FIXUPS: 2fad6 9e fffffc3c 43 ffffff4b fffffed9 c d 3e 29 19 2c fffffe2a
FIXUPS: 2f364 fffff5eb 11 14 12 8 7 1b 2b 17 150 e 15 18 c 18 17 fffd4f8a
FIXUPS: 3b7c b d 38 b d 2c4e2 f 58 28 29 fffffaf6 45 29 3a 40 3e 33 4b
FIXUPS: 2fe71 5a c 19 42 3c a7 19 28 c 21 fffff822 fffd37ca 75 e 66 e 28
FIXUPS: 31de 1c 9b 43 35 63 59 27 5d d9 35 12 13c 5a f 117 a 59 37 37 32
FIXUPS: 3939 1a5 d 45 5 ffffec05 1e 2c 2b 11 44 4e 15 11 68 1f 11 11 c2
FIXUPS: 2a4c d 5 4d 91 31 9d b1 31 9d 84 101 22 3b 10 81 31 34 ffffedb8
FIXUPS: 201d 4d 2f 5d 61 9f 9a 14 1f 12 2c 1e 1f 1e 91 8 48 7c 10 42 f
FIXUPS: 2528 12 f e 12 f e 8c 11 10 ffffecf3 5e a5 3a 9f 55 aa b3 1a 82
FIXUPS: 179b 55 7a f 14 31 1d 28 1c 8f 26 14 25 45 51 10 22f 2d 43 43 32
FIXUPS: 1dfe 660c 26 14 22 42 44 199 f e 59 1d 44 56 11 f e 59 1d 28 1c
FIXUPS: 88f9 26 14 20 32 25 ffff8684 19 2a 13 13 254 68f9 aa 18 15 14 58
FIXUPS: 7d47 2b 1f 73 5a 3a 20 5c 3d 20 49 20 55 10 f4 5a 30 32 83 50 f
FIXUPS: 82e5 35 1d 28 1c ffffd3f0 18 15 191 26 1d9a 1b 5f 26 74 31 2d 50
FIXUPS: 78e1 5 1d 5 17 5 8c 5c 20 26 1f 10 6d 72 3e 5 20 5 17 ffffcf27
FIXUPS: 4b72 1d0 ef 95 48 35 13a f 16 f 14 f 22 d 60 1b 21 f 1b 21 f 13
FIXUPS: 526b 60 2a 9e 5e 20 26 1b7 72 74a1 5e ffff719c 34 2c 43 25 a0 48
FIXUPS: 3ef0 d 83 25 2c 1a 23 2bf ef 98 4e 38 6b 26 14 1f 47 43 1d 28a
FIXUPS: 49d9 a7 4e 76d9 31 15 31 d9 3f 4f 8 26 8 8f 21 4c 8 2f 45 46 32
FIXUPS: c5ee 39 15 39 f6 34 46 99 58 13 50 92 53 51 ffffc080 37 5b1 523
FIXUPS: 9a86 21 16 865 25 81d 111 167 12b 43a a4 15 39e 25 343 88 76 6e
FIXUPS: bf3b a5 15 2c 1d 24 62 53 2b 29 3285 10 2f 12 18 e 10 c0 c 35 25
FIXUPS: f5e1 38 3e bd 33 84 3d 2e a f3 29 35 3d 36 d 71 d ffff8f4a d 2d
FIXUPS: 8a28 562d d 47 d 84 d 39 d 43 d 48 d 27 1b 11 10 b 3a 4a 1d bc
FIXUPS: e40e 17 8 f 15 e1 252 742 10 4cc 10 ffffe6b6 2f 23 c 29 33 22924
FIXUPS: dbf0 14 27 74 16 16 16 16 16 5c 39 75 16 16 16 16 16 5b 34 32 2c
FIXUPS: df81 29 33 22479 fffdd270 16 16 13 13 13 13 13 13 26 26 26 43 13
FIXUPS: d83f 13 40 13 4a 13 13 2d 2c 15 30 13 13 13 13 37 13 13 fffff2c2
FIXUPS: cd2e 44 18 2f d 34 d 4bf 14 29 43 10 40 13 2d 2c 2d 43 10 51 14
FIXUPS: d510 4c d 68 11 1e 27 27 17 4b 5780 124 70 76 11 63 2e 24 25 2f
FIXUPS: 13178 15 61 2e 24 25 2f 24 15 ffff98bc 5 d 44 d 32 10 3c d 22 d
FIXUPS: ccda d 52c6 44 c b1 63 13 49 13 10 18 10 106 1f 34 be 46 1f 1b
FIXUPS: 1246c 1f 46 136 199 123 1d6 23 f3 15 112 2b 91 79 ffffef19 25 13
FIXUPS: 11d70 10 17 13 10 26 13 13 13 13 13 10 16 14 13 10 16 14 13 10
FIXUPS: 11eff 14 13 10 16 14 13 11 10 fffff9c6 16 16 15 13 38 16 15 15
FIXUPS: 11a3a 16 16 15 13 6a 13 11 14 1f 15 15 22 5e 22 12 1b 1c 16 4e
FIXUPS: 11cef 12 13 fffff84c 1a 14 1d 6f 19 12 22 15 13 15 7 2f 15 13 15
FIXUPS: 1171e 1b 10 20 1a 4e 13 23 13 50 1a 44 3e 16 15 15 fffff862 d 15
FIXUPS: 111e4 22 1a 16 14 16 a 13 12 f 13 14 1c 8 12 44 10 37 7 2a 1f 1a
FIXUPS: 11411 20 27 1e 11 6a b fffffa0e d 15 1a 22 1a 16 14 16 a 13 12
FIXUPS: 11000 13 14 1c 2c 13 12 f 13 11 1c 1c 12 16 a 13 12 f 13 14 fffffad6
FIXUPS: 10c75 15 f 12 f 13 1a 8 f 48 17 7 10 14 38 13 12 f 13 11 1c 1c
FIXUPS: 10e62 d 1a a 13 12 f 13 14 fffffaf0 13 17 12 16 12 17 13 17 12
FIXUPS: 10aab 12 1b 13 1e 17 12 16 12 17 13 17 12 16 d 13 15 f 11 f 13
FIXUPS: 10c54 fffff9e8 44 31 2d 28 14 14 14 19 19 63 14 19 40 12 19 15
FIXUPS: 10897 15 11 15 19 20 d f 12 f 13 20 21 16 16 fffff753 d 13 13 2f
FIXUPS: 10190 35 10 59 1b 7 11 a5 29 37 29 37 f 15 15 50 11 20 20 60 18
FIXUPS: 1057e 23 22 2b 1a 20 fffff65b 16 38 51 18 1d 11 11 1e 28 10 32
FIXUPS: fe11 34 10 6f 11 13 13 13 13 13 13 11 13 1f aa 38 35 11 54 e
